Archive member included to satisfy reference by file (symbol)

d:/stm32env/10 2020-q4-major/bin/../lib/gcc/arm-none-eabi/10.2.1/../../../../arm-none-eabi/lib/thumb/v7-m/nofp\libg.a(lib_a-errno.o)
                              CMakeFiles\U1.elf.dir\Core\Src\syscalls.c.obj (__errno)
d:/stm32env/10 2020-q4-major/bin/../lib/gcc/arm-none-eabi/10.2.1/../../../../arm-none-eabi/lib/thumb/v7-m/nofp\libg.a(lib_a-exit.o)
                              d:/stm32env/10 2020-q4-major/bin/../lib/gcc/arm-none-eabi/10.2.1/../../../../arm-none-eabi/lib/thumb/v7-m/nofp/crt0.o (exit)
d:/stm32env/10 2020-q4-major/bin/../lib/gcc/arm-none-eabi/10.2.1/../../../../arm-none-eabi/lib/thumb/v7-m/nofp\libg.a(lib_a-impure.o)
                              d:/stm32env/10 2020-q4-major/bin/../lib/gcc/arm-none-eabi/10.2.1/../../../../arm-none-eabi/lib/thumb/v7-m/nofp\libg.a(lib_a-exit.o) (_global_impure_ptr)
d:/stm32env/10 2020-q4-major/bin/../lib/gcc/arm-none-eabi/10.2.1/../../../../arm-none-eabi/lib/thumb/v7-m/nofp\libg.a(lib_a-init.o)
                              d:/stm32env/10 2020-q4-major/bin/../lib/gcc/arm-none-eabi/10.2.1/../../../../arm-none-eabi/lib/thumb/v7-m/nofp/crt0.o (__libc_init_array)
d:/stm32env/10 2020-q4-major/bin/../lib/gcc/arm-none-eabi/10.2.1/../../../../arm-none-eabi/lib/thumb/v7-m/nofp\libg.a(lib_a-memset.o)
                              d:/stm32env/10 2020-q4-major/bin/../lib/gcc/arm-none-eabi/10.2.1/../../../../arm-none-eabi/lib/thumb/v7-m/nofp/crt0.o (memset)
d:/stm32env/10 2020-q4-major/bin/../lib/gcc/arm-none-eabi/10.2.1/../../../../arm-none-eabi/lib/thumb/v7-m/nofp\libg.a(lib_a-__call_atexit.o)
                              d:/stm32env/10 2020-q4-major/bin/../lib/gcc/arm-none-eabi/10.2.1/../../../../arm-none-eabi/lib/thumb/v7-m/nofp\libg.a(lib_a-exit.o) (__call_exitprocs)
d:/stm32env/10 2020-q4-major/bin/../lib/gcc/arm-none-eabi/10.2.1/../../../../arm-none-eabi/lib/thumb/v7-m/nofp\libg.a(lib_a-atexit.o)
                              d:/stm32env/10 2020-q4-major/bin/../lib/gcc/arm-none-eabi/10.2.1/../../../../arm-none-eabi/lib/thumb/v7-m/nofp\libg.a(lib_a-__call_atexit.o) (atexit)
d:/stm32env/10 2020-q4-major/bin/../lib/gcc/arm-none-eabi/10.2.1/../../../../arm-none-eabi/lib/thumb/v7-m/nofp\libg.a(lib_a-fini.o)
                              d:/stm32env/10 2020-q4-major/bin/../lib/gcc/arm-none-eabi/10.2.1/../../../../arm-none-eabi/lib/thumb/v7-m/nofp\libg.a(lib_a-__call_atexit.o) (__libc_fini_array)
d:/stm32env/10 2020-q4-major/bin/../lib/gcc/arm-none-eabi/10.2.1/../../../../arm-none-eabi/lib/thumb/v7-m/nofp\libg.a(lib_a-lock.o)
                              d:/stm32env/10 2020-q4-major/bin/../lib/gcc/arm-none-eabi/10.2.1/../../../../arm-none-eabi/lib/thumb/v7-m/nofp\libg.a(lib_a-__call_atexit.o) (__retarget_lock_acquire_recursive)
d:/stm32env/10 2020-q4-major/bin/../lib/gcc/arm-none-eabi/10.2.1/../../../../arm-none-eabi/lib/thumb/v7-m/nofp\libg.a(lib_a-__atexit.o)
                              d:/stm32env/10 2020-q4-major/bin/../lib/gcc/arm-none-eabi/10.2.1/../../../../arm-none-eabi/lib/thumb/v7-m/nofp\libg.a(lib_a-atexit.o) (__register_exitproc)

Discarded input sections

 .text          0x00000000        0x0 d:/stm32env/10 2020-q4-major/bin/../lib/gcc/arm-none-eabi/10.2.1/thumb/v7-m/nofp/crti.o
 .data          0x00000000        0x0 d:/stm32env/10 2020-q4-major/bin/../lib/gcc/arm-none-eabi/10.2.1/thumb/v7-m/nofp/crti.o
 .bss           0x00000000        0x0 d:/stm32env/10 2020-q4-major/bin/../lib/gcc/arm-none-eabi/10.2.1/thumb/v7-m/nofp/crti.o
 .data          0x00000000        0x4 d:/stm32env/10 2020-q4-major/bin/../lib/gcc/arm-none-eabi/10.2.1/thumb/v7-m/nofp/crtbegin.o
 .rodata        0x00000000       0x24 d:/stm32env/10 2020-q4-major/bin/../lib/gcc/arm-none-eabi/10.2.1/thumb/v7-m/nofp/crtbegin.o
 .text          0x00000000       0x7c d:/stm32env/10 2020-q4-major/bin/../lib/gcc/arm-none-eabi/10.2.1/../../../../arm-none-eabi/lib/thumb/v7-m/nofp/crt0.o
 .data          0x00000000        0x0 d:/stm32env/10 2020-q4-major/bin/../lib/gcc/arm-none-eabi/10.2.1/../../../../arm-none-eabi/lib/thumb/v7-m/nofp/crt0.o
 .bss           0x00000000        0x0 d:/stm32env/10 2020-q4-major/bin/../lib/gcc/arm-none-eabi/10.2.1/../../../../arm-none-eabi/lib/thumb/v7-m/nofp/crt0.o
 .ARM.extab     0x00000000        0x0 d:/stm32env/10 2020-q4-major/bin/../lib/gcc/arm-none-eabi/10.2.1/../../../../arm-none-eabi/lib/thumb/v7-m/nofp/crt0.o
 .ARM.exidx     0x00000000       0x10 d:/stm32env/10 2020-q4-major/bin/../lib/gcc/arm-none-eabi/10.2.1/../../../../arm-none-eabi/lib/thumb/v7-m/nofp/crt0.o
 .ARM.attributes
                0x00000000       0x1b d:/stm32env/10 2020-q4-major/bin/../lib/gcc/arm-none-eabi/10.2.1/../../../../arm-none-eabi/lib/thumb/v7-m/nofp/crt0.o
 .text          0x00000000        0x0 CMakeFiles\U1.elf.dir\Core\Src\gpio.c.obj
 .data          0x00000000        0x0 CMakeFiles\U1.elf.dir\Core\Src\gpio.c.obj
 .bss           0x00000000        0x0 CMakeFiles\U1.elf.dir\Core\Src\gpio.c.obj
 .text          0x00000000        0x0 CMakeFiles\U1.elf.dir\Core\Src\main.c.obj
 .data          0x00000000        0x0 CMakeFiles\U1.elf.dir\Core\Src\main.c.obj
 .bss           0x00000000        0x0 CMakeFiles\U1.elf.dir\Core\Src\main.c.obj
 .text          0x00000000        0x0 CMakeFiles\U1.elf.dir\Core\Src\stm32f1xx_hal_msp.c.obj
 .data          0x00000000        0x0 CMakeFiles\U1.elf.dir\Core\Src\stm32f1xx_hal_msp.c.obj
 .bss           0x00000000        0x0 CMakeFiles\U1.elf.dir\Core\Src\stm32f1xx_hal_msp.c.obj
 .text          0x00000000        0x0 CMakeFiles\U1.elf.dir\Core\Src\stm32f1xx_it.c.obj
 .data          0x00000000        0x0 CMakeFiles\U1.elf.dir\Core\Src\stm32f1xx_it.c.obj
 .bss           0x00000000        0x0 CMakeFiles\U1.elf.dir\Core\Src\stm32f1xx_it.c.obj
 .text          0x00000000        0x0 CMakeFiles\U1.elf.dir\Core\Src\syscalls.c.obj
 .data          0x00000000        0x0 CMakeFiles\U1.elf.dir\Core\Src\syscalls.c.obj
 .bss           0x00000000        0x0 CMakeFiles\U1.elf.dir\Core\Src\syscalls.c.obj
 .text.initialise_monitor_handles
                0x00000000        0x2 CMakeFiles\U1.elf.dir\Core\Src\syscalls.c.obj
 .text._getpid  0x00000000        0x4 CMakeFiles\U1.elf.dir\Core\Src\syscalls.c.obj
 .text._kill    0x00000000       0x10 CMakeFiles\U1.elf.dir\Core\Src\syscalls.c.obj
 .text._exit    0x00000000        0xc CMakeFiles\U1.elf.dir\Core\Src\syscalls.c.obj
 .text._read    0x00000000       0x20 CMakeFiles\U1.elf.dir\Core\Src\syscalls.c.obj
 .text._write   0x00000000       0x1c CMakeFiles\U1.elf.dir\Core\Src\syscalls.c.obj
 .text._sbrk    0x00000000       0x3c CMakeFiles\U1.elf.dir\Core\Src\syscalls.c.obj
 .text._close   0x00000000        0x6 CMakeFiles\U1.elf.dir\Core\Src\syscalls.c.obj
 .text._fstat   0x00000000        0xa CMakeFiles\U1.elf.dir\Core\Src\syscalls.c.obj
 .text._isatty  0x00000000        0x4 CMakeFiles\U1.elf.dir\Core\Src\syscalls.c.obj
 .text._lseek   0x00000000        0x4 CMakeFiles\U1.elf.dir\Core\Src\syscalls.c.obj
 .text._open    0x00000000        0xa CMakeFiles\U1.elf.dir\Core\Src\syscalls.c.obj
 .text._wait    0x00000000       0x10 CMakeFiles\U1.elf.dir\Core\Src\syscalls.c.obj
 .text._unlink  0x00000000       0x10 CMakeFiles\U1.elf.dir\Core\Src\syscalls.c.obj
 .text._times   0x00000000        0x6 CMakeFiles\U1.elf.dir\Core\Src\syscalls.c.obj
 .text._stat    0x00000000        0xa CMakeFiles\U1.elf.dir\Core\Src\syscalls.c.obj
 .text._link    0x00000000       0x10 CMakeFiles\U1.elf.dir\Core\Src\syscalls.c.obj
 .text._fork    0x00000000       0x10 CMakeFiles\U1.elf.dir\Core\Src\syscalls.c.obj
 .text._execve  0x00000000       0x10 CMakeFiles\U1.elf.dir\Core\Src\syscalls.c.obj
 .bss.__env     0x00000000        0x4 CMakeFiles\U1.elf.dir\Core\Src\syscalls.c.obj
 .bss.heap_end.0
                0x00000000        0x4 CMakeFiles\U1.elf.dir\Core\Src\syscalls.c.obj
 .data.environ  0x00000000        0x4 CMakeFiles\U1.elf.dir\Core\Src\syscalls.c.obj
 .debug_info    0x00000000      0x835 CMakeFiles\U1.elf.dir\Core\Src\syscalls.c.obj
 .debug_abbrev  0x00000000      0x1da CMakeFiles\U1.elf.dir\Core\Src\syscalls.c.obj
 .debug_loc     0x00000000      0x436 CMakeFiles\U1.elf.dir\Core\Src\syscalls.c.obj
 .debug_aranges
                0x00000000       0xb0 CMakeFiles\U1.elf.dir\Core\Src\syscalls.c.obj
 .debug_ranges  0x00000000       0xa0 CMakeFiles\U1.elf.dir\Core\Src\syscalls.c.obj
 .debug_line    0x00000000      0x440 CMakeFiles\U1.elf.dir\Core\Src\syscalls.c.obj
 .debug_str     0x00000000      0x450 CMakeFiles\U1.elf.dir\Core\Src\syscalls.c.obj
 .comment       0x00000000       0x4e CMakeFiles\U1.elf.dir\Core\Src\syscalls.c.obj
 .debug_frame   0x00000000      0x1a8 CMakeFiles\U1.elf.dir\Core\Src\syscalls.c.obj
 .ARM.attributes
                0x00000000       0x2d CMakeFiles\U1.elf.dir\Core\Src\syscalls.c.obj
 .text          0x00000000        0x0 CMakeFiles\U1.elf.dir\Core\Src\system_stm32f1xx.c.obj
 .data          0x00000000        0x0 CMakeFiles\U1.elf.dir\Core\Src\system_stm32f1xx.c.obj
 .bss           0x00000000        0x0 CMakeFiles\U1.elf.dir\Core\Src\system_stm32f1xx.c.obj
 .text.SystemCoreClockUpdate
                0x00000000       0x94 CMakeFiles\U1.elf.dir\Core\Src\system_stm32f1xx.c.obj
 .rodata.APBPrescTable
                0x00000000        0x8 CMakeFiles\U1.elf.dir\Core\Src\system_stm32f1xx.c.obj
 .text          0x00000000        0x0 CMakeFiles\U1.elf.dir\Drivers\STM32F1xx_HAL_Driver\Src\stm32f1xx_hal.c.obj
 .data          0x00000000        0x0 CMakeFiles\U1.elf.dir\Drivers\STM32F1xx_HAL_Driver\Src\stm32f1xx_hal.c.obj
 .bss           0x00000000        0x0 CMakeFiles\U1.elf.dir\Drivers\STM32F1xx_HAL_Driver\Src\stm32f1xx_hal.c.obj
 .text.HAL_MspInit
                0x00000000        0x2 CMakeFiles\U1.elf.dir\Drivers\STM32F1xx_HAL_Driver\Src\stm32f1xx_hal.c.obj
 .text.HAL_MspDeInit
                0x00000000        0x2 CMakeFiles\U1.elf.dir\Drivers\STM32F1xx_HAL_Driver\Src\stm32f1xx_hal.c.obj
 .text.HAL_DeInit
                0x00000000       0x20 CMakeFiles\U1.elf.dir\Drivers\STM32F1xx_HAL_Driver\Src\stm32f1xx_hal.c.obj
 .text.HAL_GetTickPrio
                0x00000000        0xc CMakeFiles\U1.elf.dir\Drivers\STM32F1xx_HAL_Driver\Src\stm32f1xx_hal.c.obj
 .text.HAL_SetTickFreq
                0x00000000       0x2c CMakeFiles\U1.elf.dir\Drivers\STM32F1xx_HAL_Driver\Src\stm32f1xx_hal.c.obj
 .text.HAL_GetTickFreq
                0x00000000        0xc CMakeFiles\U1.elf.dir\Drivers\STM32F1xx_HAL_Driver\Src\stm32f1xx_hal.c.obj
 .text.HAL_Delay
                0x00000000       0x28 CMakeFiles\U1.elf.dir\Drivers\STM32F1xx_HAL_Driver\Src\stm32f1xx_hal.c.obj
 .text.HAL_SuspendTick
                0x00000000        0xe CMakeFiles\U1.elf.dir\Drivers\STM32F1xx_HAL_Driver\Src\stm32f1xx_hal.c.obj
 .text.HAL_ResumeTick
                0x00000000        0xe CMakeFiles\U1.elf.dir\Drivers\STM32F1xx_HAL_Driver\Src\stm32f1xx_hal.c.obj
 .text.HAL_GetHalVersion
                0x00000000        0x8 CMakeFiles\U1.elf.dir\Drivers\STM32F1xx_HAL_Driver\Src\stm32f1xx_hal.c.obj
 .text.HAL_GetREVID
                0x00000000        0xc CMakeFiles\U1.elf.dir\Drivers\STM32F1xx_HAL_Driver\Src\stm32f1xx_hal.c.obj
 .text.HAL_GetDEVID
                0x00000000       0x10 CMakeFiles\U1.elf.dir\Drivers\STM32F1xx_HAL_Driver\Src\stm32f1xx_hal.c.obj
 .text.HAL_GetUIDw0
                0x00000000        0xc CMakeFiles\U1.elf.dir\Drivers\STM32F1xx_HAL_Driver\Src\stm32f1xx_hal.c.obj
 .text.HAL_GetUIDw1
                0x00000000        0xc CMakeFiles\U1.elf.dir\Drivers\STM32F1xx_HAL_Driver\Src\stm32f1xx_hal.c.obj
 .text.HAL_GetUIDw2
                0x00000000        0xc CMakeFiles\U1.elf.dir\Drivers\STM32F1xx_HAL_Driver\Src\stm32f1xx_hal.c.obj
 .text.HAL_DBGMCU_EnableDBGSleepMode
                0x00000000       0x10 CMakeFiles\U1.elf.dir\Drivers\STM32F1xx_HAL_Driver\Src\stm32f1xx_hal.c.obj
 .text.HAL_DBGMCU_DisableDBGSleepMode
                0x00000000       0x10 CMakeFiles\U1.elf.dir\Drivers\STM32F1xx_HAL_Driver\Src\stm32f1xx_hal.c.obj
 .text.HAL_DBGMCU_EnableDBGStopMode
                0x00000000       0x10 CMakeFiles\U1.elf.dir\Drivers\STM32F1xx_HAL_Driver\Src\stm32f1xx_hal.c.obj
 .text.HAL_DBGMCU_DisableDBGStopMode
                0x00000000       0x10 CMakeFiles\U1.elf.dir\Drivers\STM32F1xx_HAL_Driver\Src\stm32f1xx_hal.c.obj
 .text.HAL_DBGMCU_EnableDBGStandbyMode
                0x00000000       0x10 CMakeFiles\U1.elf.dir\Drivers\STM32F1xx_HAL_Driver\Src\stm32f1xx_hal.c.obj
 .text.HAL_DBGMCU_DisableDBGStandbyMode
                0x00000000       0x10 CMakeFiles\U1.elf.dir\Drivers\STM32F1xx_HAL_Driver\Src\stm32f1xx_hal.c.obj
 .text          0x00000000        0x0 CMakeFiles\U1.elf.dir\Drivers\STM32F1xx_HAL_Driver\Src\stm32f1xx_hal_cortex.c.obj
 .data          0x00000000        0x0 CMakeFiles\U1.elf.dir\Drivers\STM32F1xx_HAL_Driver\Src\stm32f1xx_hal_cortex.c.obj
 .bss           0x00000000        0x0 CMakeFiles\U1.elf.dir\Drivers\STM32F1xx_HAL_Driver\Src\stm32f1xx_hal_cortex.c.obj
 .text.HAL_NVIC_EnableIRQ
                0x00000000       0x1c CMakeFiles\U1.elf.dir\Drivers\STM32F1xx_HAL_Driver\Src\stm32f1xx_hal_cortex.c.obj
 .text.HAL_NVIC_DisableIRQ
                0x00000000       0x24 CMakeFiles\U1.elf.dir\Drivers\STM32F1xx_HAL_Driver\Src\stm32f1xx_hal_cortex.c.obj
 .text.HAL_NVIC_SystemReset
                0x00000000       0x24 CMakeFiles\U1.elf.dir\Drivers\STM32F1xx_HAL_Driver\Src\stm32f1xx_hal_cortex.c.obj
 .text.HAL_NVIC_GetPriorityGrouping
                0x00000000       0x10 CMakeFiles\U1.elf.dir\Drivers\STM32F1xx_HAL_Driver\Src\stm32f1xx_hal_cortex.c.obj
 .text.HAL_NVIC_GetPriority
                0x00000000       0x60 CMakeFiles\U1.elf.dir\Drivers\STM32F1xx_HAL_Driver\Src\stm32f1xx_hal_cortex.c.obj
 .text.HAL_NVIC_SetPendingIRQ
                0x00000000       0x1c CMakeFiles\U1.elf.dir\Drivers\STM32F1xx_HAL_Driver\Src\stm32f1xx_hal_cortex.c.obj
 .text.HAL_NVIC_GetPendingIRQ
                0x00000000       0x24 CMakeFiles\U1.elf.dir\Drivers\STM32F1xx_HAL_Driver\Src\stm32f1xx_hal_cortex.c.obj
 .text.HAL_NVIC_ClearPendingIRQ
                0x00000000       0x1c CMakeFiles\U1.elf.dir\Drivers\STM32F1xx_HAL_Driver\Src\stm32f1xx_hal_cortex.c.obj
 .text.HAL_NVIC_GetActive
                0x00000000       0x24 CMakeFiles\U1.elf.dir\Drivers\STM32F1xx_HAL_Driver\Src\stm32f1xx_hal_cortex.c.obj
 .text.HAL_SYSTICK_CLKSourceConfig
                0x00000000       0x20 CMakeFiles\U1.elf.dir\Drivers\STM32F1xx_HAL_Driver\Src\stm32f1xx_hal_cortex.c.obj
 .text.HAL_SYSTICK_Callback
                0x00000000        0x2 CMakeFiles\U1.elf.dir\Drivers\STM32F1xx_HAL_Driver\Src\stm32f1xx_hal_cortex.c.obj
 .text.HAL_SYSTICK_IRQHandler
                0x00000000        0x8 CMakeFiles\U1.elf.dir\Drivers\STM32F1xx_HAL_Driver\Src\stm32f1xx_hal_cortex.c.obj
 .text          0x00000000        0x0 CMakeFiles\U1.elf.dir\Drivers\STM32F1xx_HAL_Driver\Src\stm32f1xx_hal_dma.c.obj
 .data          0x00000000        0x0 CMakeFiles\U1.elf.dir\Drivers\STM32F1xx_HAL_Driver\Src\stm32f1xx_hal_dma.c.obj
 .bss           0x00000000        0x0 CMakeFiles\U1.elf.dir\Drivers\STM32F1xx_HAL_Driver\Src\stm32f1xx_hal_dma.c.obj
 .text.DMA_SetConfig
                0x00000000       0x2c CMakeFiles\U1.elf.dir\Drivers\STM32F1xx_HAL_Driver\Src\stm32f1xx_hal_dma.c.obj
 .text.HAL_DMA_Init
                0x00000000       0x98 CMakeFiles\U1.elf.dir\Drivers\STM32F1xx_HAL_Driver\Src\stm32f1xx_hal_dma.c.obj
 .text.HAL_DMA_DeInit
                0x00000000       0x90 CMakeFiles\U1.elf.dir\Drivers\STM32F1xx_HAL_Driver\Src\stm32f1xx_hal_dma.c.obj
 .text.HAL_DMA_Start
                0x00000000       0x50 CMakeFiles\U1.elf.dir\Drivers\STM32F1xx_HAL_Driver\Src\stm32f1xx_hal_dma.c.obj
 .text.HAL_DMA_Start_IT
                0x00000000       0x74 CMakeFiles\U1.elf.dir\Drivers\STM32F1xx_HAL_Driver\Src\stm32f1xx_hal_dma.c.obj
 .text.HAL_DMA_Abort
                0x00000000       0x44 CMakeFiles\U1.elf.dir\Drivers\STM32F1xx_HAL_Driver\Src\stm32f1xx_hal_dma.c.obj
 .text.HAL_DMA_Abort_IT
                0x00000000      0x168 CMakeFiles\U1.elf.dir\Drivers\STM32F1xx_HAL_Driver\Src\stm32f1xx_hal_dma.c.obj
 .text.HAL_DMA_PollForTransfer
                0x00000000      0x548 CMakeFiles\U1.elf.dir\Drivers\STM32F1xx_HAL_Driver\Src\stm32f1xx_hal_dma.c.obj
 .text.HAL_DMA_IRQHandler
                0x00000000      0x2ec CMakeFiles\U1.elf.dir\Drivers\STM32F1xx_HAL_Driver\Src\stm32f1xx_hal_dma.c.obj
 .text.HAL_DMA_RegisterCallback
                0x00000000       0x4a CMakeFiles\U1.elf.dir\Drivers\STM32F1xx_HAL_Driver\Src\stm32f1xx_hal_dma.c.obj
 .text.HAL_DMA_UnRegisterCallback
                0x00000000       0x5a CMakeFiles\U1.elf.dir\Drivers\STM32F1xx_HAL_Driver\Src\stm32f1xx_hal_dma.c.obj
 .text.HAL_DMA_GetState
                0x00000000        0x6 CMakeFiles\U1.elf.dir\Drivers\STM32F1xx_HAL_Driver\Src\stm32f1xx_hal_dma.c.obj
 .text.HAL_DMA_GetError
                0x00000000        0x4 CMakeFiles\U1.elf.dir\Drivers\STM32F1xx_HAL_Driver\Src\stm32f1xx_hal_dma.c.obj
 .debug_info    0x00000000      0x846 CMakeFiles\U1.elf.dir\Drivers\STM32F1xx_HAL_Driver\Src\stm32f1xx_hal_dma.c.obj
 .debug_abbrev  0x00000000      0x223 CMakeFiles\U1.elf.dir\Drivers\STM32F1xx_HAL_Driver\Src\stm32f1xx_hal_dma.c.obj
 .debug_loc     0x00000000      0x7ce CMakeFiles\U1.elf.dir\Drivers\STM32F1xx_HAL_Driver\Src\stm32f1xx_hal_dma.c.obj
 .debug_aranges
                0x00000000       0x80 CMakeFiles\U1.elf.dir\Drivers\STM32F1xx_HAL_Driver\Src\stm32f1xx_hal_dma.c.obj
 .debug_ranges  0x00000000       0x70 CMakeFiles\U1.elf.dir\Drivers\STM32F1xx_HAL_Driver\Src\stm32f1xx_hal_dma.c.obj
 .debug_line    0x00000000      0xcf7 CMakeFiles\U1.elf.dir\Drivers\STM32F1xx_HAL_Driver\Src\stm32f1xx_hal_dma.c.obj
 .debug_str     0x00000000      0x62d CMakeFiles\U1.elf.dir\Drivers\STM32F1xx_HAL_Driver\Src\stm32f1xx_hal_dma.c.obj
 .comment       0x00000000       0x4e CMakeFiles\U1.elf.dir\Drivers\STM32F1xx_HAL_Driver\Src\stm32f1xx_hal_dma.c.obj
 .debug_frame   0x00000000      0x140 CMakeFiles\U1.elf.dir\Drivers\STM32F1xx_HAL_Driver\Src\stm32f1xx_hal_dma.c.obj
 .ARM.attributes
                0x00000000       0x2d CMakeFiles\U1.elf.dir\Drivers\STM32F1xx_HAL_Driver\Src\stm32f1xx_hal_dma.c.obj
 .text          0x00000000        0x0 CMakeFiles\U1.elf.dir\Drivers\STM32F1xx_HAL_Driver\Src\stm32f1xx_hal_exti.c.obj
 .data          0x00000000        0x0 CMakeFiles\U1.elf.dir\Drivers\STM32F1xx_HAL_Driver\Src\stm32f1xx_hal_exti.c.obj
 .bss           0x00000000        0x0 CMakeFiles\U1.elf.dir\Drivers\STM32F1xx_HAL_Driver\Src\stm32f1xx_hal_exti.c.obj
 .text.HAL_EXTI_SetConfigLine
                0x00000000       0xd8 CMakeFiles\U1.elf.dir\Drivers\STM32F1xx_HAL_Driver\Src\stm32f1xx_hal_exti.c.obj
 .text.HAL_EXTI_GetConfigLine
                0x00000000       0xac CMakeFiles\U1.elf.dir\Drivers\STM32F1xx_HAL_Driver\Src\stm32f1xx_hal_exti.c.obj
 .text.HAL_EXTI_ClearConfigLine
                0x00000000       0x88 CMakeFiles\U1.elf.dir\Drivers\STM32F1xx_HAL_Driver\Src\stm32f1xx_hal_exti.c.obj
 .text.HAL_EXTI_RegisterCallback
                0x00000000        0xe CMakeFiles\U1.elf.dir\Drivers\STM32F1xx_HAL_Driver\Src\stm32f1xx_hal_exti.c.obj
 .text.HAL_EXTI_GetHandle
                0x00000000        0xc CMakeFiles\U1.elf.dir\Drivers\STM32F1xx_HAL_Driver\Src\stm32f1xx_hal_exti.c.obj
 .text.HAL_EXTI_IRQHandler
                0x00000000       0x24 CMakeFiles\U1.elf.dir\Drivers\STM32F1xx_HAL_Driver\Src\stm32f1xx_hal_exti.c.obj
 .text.HAL_EXTI_GetPending
                0x00000000       0x1c CMakeFiles\U1.elf.dir\Drivers\STM32F1xx_HAL_Driver\Src\stm32f1xx_hal_exti.c.obj
 .text.HAL_EXTI_ClearPending
                0x00000000       0x14 CMakeFiles\U1.elf.dir\Drivers\STM32F1xx_HAL_Driver\Src\stm32f1xx_hal_exti.c.obj
 .text.HAL_EXTI_GenerateSWI
                0x00000000       0x14 CMakeFiles\U1.elf.dir\Drivers\STM32F1xx_HAL_Driver\Src\stm32f1xx_hal_exti.c.obj
 .debug_info    0x00000000      0x5b4 CMakeFiles\U1.elf.dir\Drivers\STM32F1xx_HAL_Driver\Src\stm32f1xx_hal_exti.c.obj
 .debug_abbrev  0x00000000      0x1e0 CMakeFiles\U1.elf.dir\Drivers\STM32F1xx_HAL_Driver\Src\stm32f1xx_hal_exti.c.obj
 .debug_loc     0x00000000      0x452 CMakeFiles\U1.elf.dir\Drivers\STM32F1xx_HAL_Driver\Src\stm32f1xx_hal_exti.c.obj
 .debug_aranges
                0x00000000       0x60 CMakeFiles\U1.elf.dir\Drivers\STM32F1xx_HAL_Driver\Src\stm32f1xx_hal_exti.c.obj
 .debug_ranges  0x00000000       0x50 CMakeFiles\U1.elf.dir\Drivers\STM32F1xx_HAL_Driver\Src\stm32f1xx_hal_exti.c.obj
 .debug_line    0x00000000      0x606 CMakeFiles\U1.elf.dir\Drivers\STM32F1xx_HAL_Driver\Src\stm32f1xx_hal_exti.c.obj
 .debug_str     0x00000000      0x406 CMakeFiles\U1.elf.dir\Drivers\STM32F1xx_HAL_Driver\Src\stm32f1xx_hal_exti.c.obj
 .comment       0x00000000       0x4e CMakeFiles\U1.elf.dir\Drivers\STM32F1xx_HAL_Driver\Src\stm32f1xx_hal_exti.c.obj
 .debug_frame   0x00000000       0xd4 CMakeFiles\U1.elf.dir\Drivers\STM32F1xx_HAL_Driver\Src\stm32f1xx_hal_exti.c.obj
 .ARM.attributes
                0x00000000       0x2d CMakeFiles\U1.elf.dir\Drivers\STM32F1xx_HAL_Driver\Src\stm32f1xx_hal_exti.c.obj
 .text          0x00000000        0x0 CMakeFiles\U1.elf.dir\Drivers\STM32F1xx_HAL_Driver\Src\stm32f1xx_hal_flash.c.obj
 .data          0x00000000        0x0 CMakeFiles\U1.elf.dir\Drivers\STM32F1xx_HAL_Driver\Src\stm32f1xx_hal_flash.c.obj
 .bss           0x00000000        0x0 CMakeFiles\U1.elf.dir\Drivers\STM32F1xx_HAL_Driver\Src\stm32f1xx_hal_flash.c.obj
 .text.FLASH_Program_HalfWord
                0x00000000       0x1c CMakeFiles\U1.elf.dir\Drivers\STM32F1xx_HAL_Driver\Src\stm32f1xx_hal_flash.c.obj
 .text.FLASH_SetErrorCode
                0x00000000       0x70 CMakeFiles\U1.elf.dir\Drivers\STM32F1xx_HAL_Driver\Src\stm32f1xx_hal_flash.c.obj
 .text.HAL_FLASH_Program_IT
                0x00000000       0x6c CMakeFiles\U1.elf.dir\Drivers\STM32F1xx_HAL_Driver\Src\stm32f1xx_hal_flash.c.obj
 .text.HAL_FLASH_EndOfOperationCallback
                0x00000000        0x2 CMakeFiles\U1.elf.dir\Drivers\STM32F1xx_HAL_Driver\Src\stm32f1xx_hal_flash.c.obj
 .text.HAL_FLASH_OperationErrorCallback
                0x00000000        0x2 CMakeFiles\U1.elf.dir\Drivers\STM32F1xx_HAL_Driver\Src\stm32f1xx_hal_flash.c.obj
 .text.HAL_FLASH_IRQHandler
                0x00000000      0x154 CMakeFiles\U1.elf.dir\Drivers\STM32F1xx_HAL_Driver\Src\stm32f1xx_hal_flash.c.obj
 .text.HAL_FLASH_Unlock
                0x00000000       0x34 CMakeFiles\U1.elf.dir\Drivers\STM32F1xx_HAL_Driver\Src\stm32f1xx_hal_flash.c.obj
 .text.HAL_FLASH_Lock
                0x00000000       0x14 CMakeFiles\U1.elf.dir\Drivers\STM32F1xx_HAL_Driver\Src\stm32f1xx_hal_flash.c.obj
 .text.HAL_FLASH_OB_Unlock
                0x00000000       0x28 CMakeFiles\U1.elf.dir\Drivers\STM32F1xx_HAL_Driver\Src\stm32f1xx_hal_flash.c.obj
 .text.HAL_FLASH_OB_Lock
                0x00000000       0x14 CMakeFiles\U1.elf.dir\Drivers\STM32F1xx_HAL_Driver\Src\stm32f1xx_hal_flash.c.obj
 .text.HAL_FLASH_OB_Launch
                0x00000000        0x8 CMakeFiles\U1.elf.dir\Drivers\STM32F1xx_HAL_Driver\Src\stm32f1xx_hal_flash.c.obj
 .text.HAL_FLASH_GetError
                0x00000000        0xc CMakeFiles\U1.elf.dir\Drivers\STM32F1xx_HAL_Driver\Src\stm32f1xx_hal_flash.c.obj
 .text.FLASH_WaitForLastOperation
                0x00000000       0x68 CMakeFiles\U1.elf.dir\Drivers\STM32F1xx_HAL_Driver\Src\stm32f1xx_hal_flash.c.obj
 .text.HAL_FLASH_Program
                0x00000000       0xa0 CMakeFiles\U1.elf.dir\Drivers\STM32F1xx_HAL_Driver\Src\stm32f1xx_hal_flash.c.obj
 .bss.pFlash    0x00000000       0x20 CMakeFiles\U1.elf.dir\Drivers\STM32F1xx_HAL_Driver\Src\stm32f1xx_hal_flash.c.obj
 .debug_info    0x00000000      0x698 CMakeFiles\U1.elf.dir\Drivers\STM32F1xx_HAL_Driver\Src\stm32f1xx_hal_flash.c.obj
 .debug_abbrev  0x00000000      0x22d CMakeFiles\U1.elf.dir\Drivers\STM32F1xx_HAL_Driver\Src\stm32f1xx_hal_flash.c.obj
 .debug_loc     0x00000000      0x3a2 CMakeFiles\U1.elf.dir\Drivers\STM32F1xx_HAL_Driver\Src\stm32f1xx_hal_flash.c.obj
 .debug_aranges
                0x00000000       0x88 CMakeFiles\U1.elf.dir\Drivers\STM32F1xx_HAL_Driver\Src\stm32f1xx_hal_flash.c.obj
 .debug_ranges  0x00000000       0x78 CMakeFiles\U1.elf.dir\Drivers\STM32F1xx_HAL_Driver\Src\stm32f1xx_hal_flash.c.obj
 .debug_line    0x00000000      0x794 CMakeFiles\U1.elf.dir\Drivers\STM32F1xx_HAL_Driver\Src\stm32f1xx_hal_flash.c.obj
 .debug_str     0x00000000      0x55f CMakeFiles\U1.elf.dir\Drivers\STM32F1xx_HAL_Driver\Src\stm32f1xx_hal_flash.c.obj
 .comment       0x00000000       0x4e CMakeFiles\U1.elf.dir\Drivers\STM32F1xx_HAL_Driver\Src\stm32f1xx_hal_flash.c.obj
 .debug_frame   0x00000000      0x134 CMakeFiles\U1.elf.dir\Drivers\STM32F1xx_HAL_Driver\Src\stm32f1xx_hal_flash.c.obj
 .ARM.attributes
                0x00000000       0x2d CMakeFiles\U1.elf.dir\Drivers\STM32F1xx_HAL_Driver\Src\stm32f1xx_hal_flash.c.obj
 .text          0x00000000        0x0 CMakeFiles\U1.elf.dir\Drivers\STM32F1xx_HAL_Driver\Src\stm32f1xx_hal_flash_ex.c.obj
 .data          0x00000000        0x0 CMakeFiles\U1.elf.dir\Drivers\STM32F1xx_HAL_Driver\Src\stm32f1xx_hal_flash_ex.c.obj
 .bss           0x00000000        0x0 CMakeFiles\U1.elf.dir\Drivers\STM32F1xx_HAL_Driver\Src\stm32f1xx_hal_flash_ex.c.obj
 .text.FLASH_MassErase
                0x00000000       0x24 CMakeFiles\U1.elf.dir\Drivers\STM32F1xx_HAL_Driver\Src\stm32f1xx_hal_flash_ex.c.obj
 .text.FLASH_OB_GetWRP
                0x00000000        0xc CMakeFiles\U1.elf.dir\Drivers\STM32F1xx_HAL_Driver\Src\stm32f1xx_hal_flash_ex.c.obj
 .text.FLASH_OB_GetRDP
                0x00000000       0x18 CMakeFiles\U1.elf.dir\Drivers\STM32F1xx_HAL_Driver\Src\stm32f1xx_hal_flash_ex.c.obj
 .text.FLASH_OB_GetUser
                0x00000000       0x10 CMakeFiles\U1.elf.dir\Drivers\STM32F1xx_HAL_Driver\Src\stm32f1xx_hal_flash_ex.c.obj
 .text.FLASH_OB_RDP_LevelConfig
                0x00000000       0x68 CMakeFiles\U1.elf.dir\Drivers\STM32F1xx_HAL_Driver\Src\stm32f1xx_hal_flash_ex.c.obj
 .text.FLASH_OB_UserConfig
                0x00000000       0x48 CMakeFiles\U1.elf.dir\Drivers\STM32F1xx_HAL_Driver\Src\stm32f1xx_hal_flash_ex.c.obj
 .text.FLASH_OB_ProgramData
                0x00000000       0x40 CMakeFiles\U1.elf.dir\Drivers\STM32F1xx_HAL_Driver\Src\stm32f1xx_hal_flash_ex.c.obj
 .text.HAL_FLASHEx_OBErase
                0x00000000       0x50 CMakeFiles\U1.elf.dir\Drivers\STM32F1xx_HAL_Driver\Src\stm32f1xx_hal_flash_ex.c.obj
 .text.FLASH_OB_EnableWRP
                0x00000000       0xc0 CMakeFiles\U1.elf.dir\Drivers\STM32F1xx_HAL_Driver\Src\stm32f1xx_hal_flash_ex.c.obj
 .text.FLASH_OB_DisableWRP
                0x00000000       0xc8 CMakeFiles\U1.elf.dir\Drivers\STM32F1xx_HAL_Driver\Src\stm32f1xx_hal_flash_ex.c.obj
 .text.HAL_FLASHEx_OBProgram
                0x00000000       0x9c CMakeFiles\U1.elf.dir\Drivers\STM32F1xx_HAL_Driver\Src\stm32f1xx_hal_flash_ex.c.obj
 .text.HAL_FLASHEx_OBGetConfig
                0x00000000       0x1c CMakeFiles\U1.elf.dir\Drivers\STM32F1xx_HAL_Driver\Src\stm32f1xx_hal_flash_ex.c.obj
 .text.HAL_FLASHEx_OBGetUserData
                0x00000000       0x24 CMakeFiles\U1.elf.dir\Drivers\STM32F1xx_HAL_Driver\Src\stm32f1xx_hal_flash_ex.c.obj
 .text.FLASH_PageErase
                0x00000000       0x24 CMakeFiles\U1.elf.dir\Drivers\STM32F1xx_HAL_Driver\Src\stm32f1xx_hal_flash_ex.c.obj
 .text.HAL_FLASHEx_Erase
                0x00000000       0xa4 CMakeFiles\U1.elf.dir\Drivers\STM32F1xx_HAL_Driver\Src\stm32f1xx_hal_flash_ex.c.obj
 .text.HAL_FLASHEx_Erase_IT
                0x00000000       0x60 CMakeFiles\U1.elf.dir\Drivers\STM32F1xx_HAL_Driver\Src\stm32f1xx_hal_flash_ex.c.obj
 .debug_info    0x00000000      0xafa CMakeFiles\U1.elf.dir\Drivers\STM32F1xx_HAL_Driver\Src\stm32f1xx_hal_flash_ex.c.obj
 .debug_abbrev  0x00000000      0x234 CMakeFiles\U1.elf.dir\Drivers\STM32F1xx_HAL_Driver\Src\stm32f1xx_hal_flash_ex.c.obj
 .debug_loc     0x00000000      0x87f CMakeFiles\U1.elf.dir\Drivers\STM32F1xx_HAL_Driver\Src\stm32f1xx_hal_flash_ex.c.obj
 .debug_aranges
                0x00000000       0x98 CMakeFiles\U1.elf.dir\Drivers\STM32F1xx_HAL_Driver\Src\stm32f1xx_hal_flash_ex.c.obj
 .debug_ranges  0x00000000       0x88 CMakeFiles\U1.elf.dir\Drivers\STM32F1xx_HAL_Driver\Src\stm32f1xx_hal_flash_ex.c.obj
 .debug_line    0x00000000      0x928 CMakeFiles\U1.elf.dir\Drivers\STM32F1xx_HAL_Driver\Src\stm32f1xx_hal_flash_ex.c.obj
 .debug_str     0x00000000      0x675 CMakeFiles\U1.elf.dir\Drivers\STM32F1xx_HAL_Driver\Src\stm32f1xx_hal_flash_ex.c.obj
 .comment       0x00000000       0x4e CMakeFiles\U1.elf.dir\Drivers\STM32F1xx_HAL_Driver\Src\stm32f1xx_hal_flash_ex.c.obj
 .debug_frame   0x00000000      0x194 CMakeFiles\U1.elf.dir\Drivers\STM32F1xx_HAL_Driver\Src\stm32f1xx_hal_flash_ex.c.obj
 .ARM.attributes
                0x00000000       0x2d CMakeFiles\U1.elf.dir\Drivers\STM32F1xx_HAL_Driver\Src\stm32f1xx_hal_flash_ex.c.obj
 .text          0x00000000        0x0 CMakeFiles\U1.elf.dir\Drivers\STM32F1xx_HAL_Driver\Src\stm32f1xx_hal_gpio.c.obj
 .data          0x00000000        0x0 CMakeFiles\U1.elf.dir\Drivers\STM32F1xx_HAL_Driver\Src\stm32f1xx_hal_gpio.c.obj
 .bss           0x00000000        0x0 CMakeFiles\U1.elf.dir\Drivers\STM32F1xx_HAL_Driver\Src\stm32f1xx_hal_gpio.c.obj
 .text.HAL_GPIO_DeInit
                0x00000000      0x118 CMakeFiles\U1.elf.dir\Drivers\STM32F1xx_HAL_Driver\Src\stm32f1xx_hal_gpio.c.obj
 .text.HAL_GPIO_LockPin
                0x00000000       0x2e CMakeFiles\U1.elf.dir\Drivers\STM32F1xx_HAL_Driver\Src\stm32f1xx_hal_gpio.c.obj
 .text.HAL_GPIO_EXTI_Callback
                0x00000000        0x2 CMakeFiles\U1.elf.dir\Drivers\STM32F1xx_HAL_Driver\Src\stm32f1xx_hal_gpio.c.obj
 .text.HAL_GPIO_EXTI_IRQHandler
                0x00000000       0x1c CMakeFiles\U1.elf.dir\Drivers\STM32F1xx_HAL_Driver\Src\stm32f1xx_hal_gpio.c.obj
 .text          0x00000000        0x0 CMakeFiles\U1.elf.dir\Drivers\STM32F1xx_HAL_Driver\Src\stm32f1xx_hal_gpio_ex.c.obj
 .data          0x00000000        0x0 CMakeFiles\U1.elf.dir\Drivers\STM32F1xx_HAL_Driver\Src\stm32f1xx_hal_gpio_ex.c.obj
 .bss           0x00000000        0x0 CMakeFiles\U1.elf.dir\Drivers\STM32F1xx_HAL_Driver\Src\stm32f1xx_hal_gpio_ex.c.obj
 .text.HAL_GPIOEx_ConfigEventout
                0x00000000       0x14 CMakeFiles\U1.elf.dir\Drivers\STM32F1xx_HAL_Driver\Src\stm32f1xx_hal_gpio_ex.c.obj
 .text.HAL_GPIOEx_EnableEventout
                0x00000000       0x10 CMakeFiles\U1.elf.dir\Drivers\STM32F1xx_HAL_Driver\Src\stm32f1xx_hal_gpio_ex.c.obj
 .text.HAL_GPIOEx_DisableEventout
                0x00000000       0x10 CMakeFiles\U1.elf.dir\Drivers\STM32F1xx_HAL_Driver\Src\stm32f1xx_hal_gpio_ex.c.obj
 .debug_info    0x00000000      0x15c CMakeFiles\U1.elf.dir\Drivers\STM32F1xx_HAL_Driver\Src\stm32f1xx_hal_gpio_ex.c.obj
 .debug_abbrev  0x00000000       0xda CMakeFiles\U1.elf.dir\Drivers\STM32F1xx_HAL_Driver\Src\stm32f1xx_hal_gpio_ex.c.obj
 .debug_loc     0x00000000       0x25 CMakeFiles\U1.elf.dir\Drivers\STM32F1xx_HAL_Driver\Src\stm32f1xx_hal_gpio_ex.c.obj
 .debug_aranges
                0x00000000       0x30 CMakeFiles\U1.elf.dir\Drivers\STM32F1xx_HAL_Driver\Src\stm32f1xx_hal_gpio_ex.c.obj
 .debug_ranges  0x00000000       0x20 CMakeFiles\U1.elf.dir\Drivers\STM32F1xx_HAL_Driver\Src\stm32f1xx_hal_gpio_ex.c.obj
 .debug_line    0x00000000      0x1ad CMakeFiles\U1.elf.dir\Drivers\STM32F1xx_HAL_Driver\Src\stm32f1xx_hal_gpio_ex.c.obj
 .debug_str     0x00000000      0x287 CMakeFiles\U1.elf.dir\Drivers\STM32F1xx_HAL_Driver\Src\stm32f1xx_hal_gpio_ex.c.obj
 .comment       0x00000000       0x4e CMakeFiles\U1.elf.dir\Drivers\STM32F1xx_HAL_Driver\Src\stm32f1xx_hal_gpio_ex.c.obj
 .debug_frame   0x00000000       0x40 CMakeFiles\U1.elf.dir\Drivers\STM32F1xx_HAL_Driver\Src\stm32f1xx_hal_gpio_ex.c.obj
 .ARM.attributes
                0x00000000       0x2d CMakeFiles\U1.elf.dir\Drivers\STM32F1xx_HAL_Driver\Src\stm32f1xx_hal_gpio_ex.c.obj
 .text          0x00000000        0x0 CMakeFiles\U1.elf.dir\Drivers\STM32F1xx_HAL_Driver\Src\stm32f1xx_hal_pwr.c.obj
 .data          0x00000000        0x0 CMakeFiles\U1.elf.dir\Drivers\STM32F1xx_HAL_Driver\Src\stm32f1xx_hal_pwr.c.obj
 .bss           0x00000000        0x0 CMakeFiles\U1.elf.dir\Drivers\STM32F1xx_HAL_Driver\Src\stm32f1xx_hal_pwr.c.obj
 .text.PWR_OverloadWfe
                0x00000000        0x6 CMakeFiles\U1.elf.dir\Drivers\STM32F1xx_HAL_Driver\Src\stm32f1xx_hal_pwr.c.obj
 .text.HAL_PWR_DeInit
                0x00000000       0x18 CMakeFiles\U1.elf.dir\Drivers\STM32F1xx_HAL_Driver\Src\stm32f1xx_hal_pwr.c.obj
 .text.HAL_PWR_EnableBkUpAccess
                0x00000000        0xc CMakeFiles\U1.elf.dir\Drivers\STM32F1xx_HAL_Driver\Src\stm32f1xx_hal_pwr.c.obj
 .text.HAL_PWR_DisableBkUpAccess
                0x00000000        0xc CMakeFiles\U1.elf.dir\Drivers\STM32F1xx_HAL_Driver\Src\stm32f1xx_hal_pwr.c.obj
 .text.HAL_PWR_ConfigPVD
                0x00000000       0x84 CMakeFiles\U1.elf.dir\Drivers\STM32F1xx_HAL_Driver\Src\stm32f1xx_hal_pwr.c.obj
 .text.HAL_PWR_EnablePVD
                0x00000000        0xc CMakeFiles\U1.elf.dir\Drivers\STM32F1xx_HAL_Driver\Src\stm32f1xx_hal_pwr.c.obj
 .text.HAL_PWR_DisablePVD
                0x00000000        0xc CMakeFiles\U1.elf.dir\Drivers\STM32F1xx_HAL_Driver\Src\stm32f1xx_hal_pwr.c.obj
 .text.HAL_PWR_EnableWakeUpPin
                0x00000000       0x18 CMakeFiles\U1.elf.dir\Drivers\STM32F1xx_HAL_Driver\Src\stm32f1xx_hal_pwr.c.obj
 .text.HAL_PWR_DisableWakeUpPin
                0x00000000       0x18 CMakeFiles\U1.elf.dir\Drivers\STM32F1xx_HAL_Driver\Src\stm32f1xx_hal_pwr.c.obj
 .text.HAL_PWR_EnterSLEEPMode
                0x00000000       0x20 CMakeFiles\U1.elf.dir\Drivers\STM32F1xx_HAL_Driver\Src\stm32f1xx_hal_pwr.c.obj
 .text.HAL_PWR_EnterSTOPMode
                0x00000000       0x48 CMakeFiles\U1.elf.dir\Drivers\STM32F1xx_HAL_Driver\Src\stm32f1xx_hal_pwr.c.obj
 .text.HAL_PWR_EnterSTANDBYMode
                0x00000000       0x20 CMakeFiles\U1.elf.dir\Drivers\STM32F1xx_HAL_Driver\Src\stm32f1xx_hal_pwr.c.obj
 .text.HAL_PWR_EnableSleepOnExit
                0x00000000       0x10 CMakeFiles\U1.elf.dir\Drivers\STM32F1xx_HAL_Driver\Src\stm32f1xx_hal_pwr.c.obj
 .text.HAL_PWR_DisableSleepOnExit
                0x00000000       0x10 CMakeFiles\U1.elf.dir\Drivers\STM32F1xx_HAL_Driver\Src\stm32f1xx_hal_pwr.c.obj
 .text.HAL_PWR_EnableSEVOnPend
                0x00000000       0x10 CMakeFiles\U1.elf.dir\Drivers\STM32F1xx_HAL_Driver\Src\stm32f1xx_hal_pwr.c.obj
 .text.HAL_PWR_DisableSEVOnPend
                0x00000000       0x10 CMakeFiles\U1.elf.dir\Drivers\STM32F1xx_HAL_Driver\Src\stm32f1xx_hal_pwr.c.obj
 .text.HAL_PWR_PVDCallback
                0x00000000        0x2 CMakeFiles\U1.elf.dir\Drivers\STM32F1xx_HAL_Driver\Src\stm32f1xx_hal_pwr.c.obj
 .text.HAL_PWR_PVD_IRQHandler
                0x00000000       0x20 CMakeFiles\U1.elf.dir\Drivers\STM32F1xx_HAL_Driver\Src\stm32f1xx_hal_pwr.c.obj
 .debug_info    0x00000000      0x6a7 CMakeFiles\U1.elf.dir\Drivers\STM32F1xx_HAL_Driver\Src\stm32f1xx_hal_pwr.c.obj
 .debug_abbrev  0x00000000      0x1de CMakeFiles\U1.elf.dir\Drivers\STM32F1xx_HAL_Driver\Src\stm32f1xx_hal_pwr.c.obj
 .debug_loc     0x00000000      0x142 CMakeFiles\U1.elf.dir\Drivers\STM32F1xx_HAL_Driver\Src\stm32f1xx_hal_pwr.c.obj
 .debug_aranges
                0x00000000       0xa8 CMakeFiles\U1.elf.dir\Drivers\STM32F1xx_HAL_Driver\Src\stm32f1xx_hal_pwr.c.obj
 .debug_ranges  0x00000000       0x98 CMakeFiles\U1.elf.dir\Drivers\STM32F1xx_HAL_Driver\Src\stm32f1xx_hal_pwr.c.obj
 .debug_line    0x00000000      0x488 CMakeFiles\U1.elf.dir\Drivers\STM32F1xx_HAL_Driver\Src\stm32f1xx_hal_pwr.c.obj
 .debug_str     0x00000000      0x4cb CMakeFiles\U1.elf.dir\Drivers\STM32F1xx_HAL_Driver\Src\stm32f1xx_hal_pwr.c.obj
 .comment       0x00000000       0x4e CMakeFiles\U1.elf.dir\Drivers\STM32F1xx_HAL_Driver\Src\stm32f1xx_hal_pwr.c.obj
 .debug_frame   0x00000000      0x140 CMakeFiles\U1.elf.dir\Drivers\STM32F1xx_HAL_Driver\Src\stm32f1xx_hal_pwr.c.obj
 .ARM.attributes
                0x00000000       0x2d CMakeFiles\U1.elf.dir\Drivers\STM32F1xx_HAL_Driver\Src\stm32f1xx_hal_pwr.c.obj
 .text          0x00000000        0x0 CMakeFiles\U1.elf.dir\Drivers\STM32F1xx_HAL_Driver\Src\stm32f1xx_hal_rcc.c.obj
 .data          0x00000000        0x0 CMakeFiles\U1.elf.dir\Drivers\STM32F1xx_HAL_Driver\Src\stm32f1xx_hal_rcc.c.obj
 .bss           0x00000000        0x0 CMakeFiles\U1.elf.dir\Drivers\STM32F1xx_HAL_Driver\Src\stm32f1xx_hal_rcc.c.obj
 .text.HAL_RCC_DeInit
                0x00000000       0xf4 CMakeFiles\U1.elf.dir\Drivers\STM32F1xx_HAL_Driver\Src\stm32f1xx_hal_rcc.c.obj
 .text.HAL_RCC_MCOConfig
                0x00000000       0x50 CMakeFiles\U1.elf.dir\Drivers\STM32F1xx_HAL_Driver\Src\stm32f1xx_hal_rcc.c.obj
 .text.HAL_RCC_EnableCSS
                0x00000000        0xc CMakeFiles\U1.elf.dir\Drivers\STM32F1xx_HAL_Driver\Src\stm32f1xx_hal_rcc.c.obj
 .text.HAL_RCC_DisableCSS
                0x00000000        0xc CMakeFiles\U1.elf.dir\Drivers\STM32F1xx_HAL_Driver\Src\stm32f1xx_hal_rcc.c.obj
 .text.HAL_RCC_GetHCLKFreq
                0x00000000        0xc CMakeFiles\U1.elf.dir\Drivers\STM32F1xx_HAL_Driver\Src\stm32f1xx_hal_rcc.c.obj
 .text.HAL_RCC_GetPCLK1Freq
                0x00000000       0x20 CMakeFiles\U1.elf.dir\Drivers\STM32F1xx_HAL_Driver\Src\stm32f1xx_hal_rcc.c.obj
 .text.HAL_RCC_GetPCLK2Freq
                0x00000000       0x20 CMakeFiles\U1.elf.dir\Drivers\STM32F1xx_HAL_Driver\Src\stm32f1xx_hal_rcc.c.obj
 .text.HAL_RCC_GetOscConfig
                0x00000000       0xb4 CMakeFiles\U1.elf.dir\Drivers\STM32F1xx_HAL_Driver\Src\stm32f1xx_hal_rcc.c.obj
 .text.HAL_RCC_GetClockConfig
                0x00000000       0x3c CMakeFiles\U1.elf.dir\Drivers\STM32F1xx_HAL_Driver\Src\stm32f1xx_hal_rcc.c.obj
 .text.HAL_RCC_CSSCallback
                0x00000000        0x2 CMakeFiles\U1.elf.dir\Drivers\STM32F1xx_HAL_Driver\Src\stm32f1xx_hal_rcc.c.obj
 .text.HAL_RCC_NMI_IRQHandler
                0x00000000       0x20 CMakeFiles\U1.elf.dir\Drivers\STM32F1xx_HAL_Driver\Src\stm32f1xx_hal_rcc.c.obj
 .text          0x00000000        0x0 CMakeFiles\U1.elf.dir\Drivers\STM32F1xx_HAL_Driver\Src\stm32f1xx_hal_rcc_ex.c.obj
 .data          0x00000000        0x0 CMakeFiles\U1.elf.dir\Drivers\STM32F1xx_HAL_Driver\Src\stm32f1xx_hal_rcc_ex.c.obj
 .bss           0x00000000        0x0 CMakeFiles\U1.elf.dir\Drivers\STM32F1xx_HAL_Driver\Src\stm32f1xx_hal_rcc_ex.c.obj
 .text.HAL_RCCEx_PeriphCLKConfig
                0x00000000      0x118 CMakeFiles\U1.elf.dir\Drivers\STM32F1xx_HAL_Driver\Src\stm32f1xx_hal_rcc_ex.c.obj
 .text.HAL_RCCEx_GetPeriphCLKConfig
                0x00000000       0x3c CMakeFiles\U1.elf.dir\Drivers\STM32F1xx_HAL_Driver\Src\stm32f1xx_hal_rcc_ex.c.obj
 .rodata.HAL_RCCEx_GetPeriphCLKFreq.str1.4
                0x00000000       0x11 CMakeFiles\U1.elf.dir\Drivers\STM32F1xx_HAL_Driver\Src\stm32f1xx_hal_rcc_ex.c.obj
 .text.HAL_RCCEx_GetPeriphCLKFreq
                0x00000000      0x114 CMakeFiles\U1.elf.dir\Drivers\STM32F1xx_HAL_Driver\Src\stm32f1xx_hal_rcc_ex.c.obj
 .debug_info    0x00000000      0x47e CMakeFiles\U1.elf.dir\Drivers\STM32F1xx_HAL_Driver\Src\stm32f1xx_hal_rcc_ex.c.obj
 .debug_abbrev  0x00000000      0x1d2 CMakeFiles\U1.elf.dir\Drivers\STM32F1xx_HAL_Driver\Src\stm32f1xx_hal_rcc_ex.c.obj
 .debug_loc     0x00000000      0x42a CMakeFiles\U1.elf.dir\Drivers\STM32F1xx_HAL_Driver\Src\stm32f1xx_hal_rcc_ex.c.obj
 .debug_aranges
                0x00000000       0x30 CMakeFiles\U1.elf.dir\Drivers\STM32F1xx_HAL_Driver\Src\stm32f1xx_hal_rcc_ex.c.obj
 .debug_ranges  0x00000000       0x38 CMakeFiles\U1.elf.dir\Drivers\STM32F1xx_HAL_Driver\Src\stm32f1xx_hal_rcc_ex.c.obj
 .debug_line    0x00000000      0x4e0 CMakeFiles\U1.elf.dir\Drivers\STM32F1xx_HAL_Driver\Src\stm32f1xx_hal_rcc_ex.c.obj
 .debug_str     0x00000000      0x441 CMakeFiles\U1.elf.dir\Drivers\STM32F1xx_HAL_Driver\Src\stm32f1xx_hal_rcc_ex.c.obj
 .comment       0x00000000       0x4e CMakeFiles\U1.elf.dir\Drivers\STM32F1xx_HAL_Driver\Src\stm32f1xx_hal_rcc_ex.c.obj
 .debug_frame   0x00000000       0x64 CMakeFiles\U1.elf.dir\Drivers\STM32F1xx_HAL_Driver\Src\stm32f1xx_hal_rcc_ex.c.obj
 .ARM.attributes
                0x00000000       0x2d CMakeFiles\U1.elf.dir\Drivers\STM32F1xx_HAL_Driver\Src\stm32f1xx_hal_rcc_ex.c.obj
 .text          0x00000000        0x0 CMakeFiles\U1.elf.dir\Drivers\STM32F1xx_HAL_Driver\Src\stm32f1xx_hal_tim.c.obj
 .data          0x00000000        0x0 CMakeFiles\U1.elf.dir\Drivers\STM32F1xx_HAL_Driver\Src\stm32f1xx_hal_tim.c.obj
 .bss           0x00000000        0x0 CMakeFiles\U1.elf.dir\Drivers\STM32F1xx_HAL_Driver\Src\stm32f1xx_hal_tim.c.obj
 .debug_info    0x00000000       0x6b CMakeFiles\U1.elf.dir\Drivers\STM32F1xx_HAL_Driver\Src\stm32f1xx_hal_tim.c.obj
 .debug_abbrev  0x00000000       0x26 CMakeFiles\U1.elf.dir\Drivers\STM32F1xx_HAL_Driver\Src\stm32f1xx_hal_tim.c.obj
 .debug_aranges
                0x00000000       0x18 CMakeFiles\U1.elf.dir\Drivers\STM32F1xx_HAL_Driver\Src\stm32f1xx_hal_tim.c.obj
 .debug_line    0x00000000       0x1d CMakeFiles\U1.elf.dir\Drivers\STM32F1xx_HAL_Driver\Src\stm32f1xx_hal_tim.c.obj
 .debug_str     0x00000000      0x1d3 CMakeFiles\U1.elf.dir\Drivers\STM32F1xx_HAL_Driver\Src\stm32f1xx_hal_tim.c.obj
 .comment       0x00000000       0x4e CMakeFiles\U1.elf.dir\Drivers\STM32F1xx_HAL_Driver\Src\stm32f1xx_hal_tim.c.obj
 .ARM.attributes
                0x00000000       0x33 CMakeFiles\U1.elf.dir\Drivers\STM32F1xx_HAL_Driver\Src\stm32f1xx_hal_tim.c.obj
 .text          0x00000000        0x0 CMakeFiles\U1.elf.dir\Drivers\STM32F1xx_HAL_Driver\Src\stm32f1xx_hal_tim_ex.c.obj
 .data          0x00000000        0x0 CMakeFiles\U1.elf.dir\Drivers\STM32F1xx_HAL_Driver\Src\stm32f1xx_hal_tim_ex.c.obj
 .bss           0x00000000        0x0 CMakeFiles\U1.elf.dir\Drivers\STM32F1xx_HAL_Driver\Src\stm32f1xx_hal_tim_ex.c.obj
 .debug_info    0x00000000       0x6b CMakeFiles\U1.elf.dir\Drivers\STM32F1xx_HAL_Driver\Src\stm32f1xx_hal_tim_ex.c.obj
 .debug_abbrev  0x00000000       0x26 CMakeFiles\U1.elf.dir\Drivers\STM32F1xx_HAL_Driver\Src\stm32f1xx_hal_tim_ex.c.obj
 .debug_aranges
                0x00000000       0x18 CMakeFiles\U1.elf.dir\Drivers\STM32F1xx_HAL_Driver\Src\stm32f1xx_hal_tim_ex.c.obj
 .debug_line    0x00000000       0x1d CMakeFiles\U1.elf.dir\Drivers\STM32F1xx_HAL_Driver\Src\stm32f1xx_hal_tim_ex.c.obj
 .debug_str     0x00000000      0x1d6 CMakeFiles\U1.elf.dir\Drivers\STM32F1xx_HAL_Driver\Src\stm32f1xx_hal_tim_ex.c.obj
 .comment       0x00000000       0x4e CMakeFiles\U1.elf.dir\Drivers\STM32F1xx_HAL_Driver\Src\stm32f1xx_hal_tim_ex.c.obj
 .ARM.attributes
                0x00000000       0x33 CMakeFiles\U1.elf.dir\Drivers\STM32F1xx_HAL_Driver\Src\stm32f1xx_hal_tim_ex.c.obj
 .text          0x00000000       0x14 CMakeFiles\U1.elf.dir\startup\startup_stm32f103xe.s.obj
 .data          0x00000000        0x0 CMakeFiles\U1.elf.dir\startup\startup_stm32f103xe.s.obj
 .bss           0x00000000        0x0 CMakeFiles\U1.elf.dir\startup\startup_stm32f103xe.s.obj
 .text          0x00000000        0x0 d:/stm32env/10 2020-q4-major/bin/../lib/gcc/arm-none-eabi/10.2.1/../../../../arm-none-eabi/lib/thumb/v7-m/nofp\libg.a(lib_a-errno.o)
 .data          0x00000000        0x0 d:/stm32env/10 2020-q4-major/bin/../lib/gcc/arm-none-eabi/10.2.1/../../../../arm-none-eabi/lib/thumb/v7-m/nofp\libg.a(lib_a-errno.o)
 .bss           0x00000000        0x0 d:/stm32env/10 2020-q4-major/bin/../lib/gcc/arm-none-eabi/10.2.1/../../../../arm-none-eabi/lib/thumb/v7-m/nofp\libg.a(lib_a-errno.o)
 .text.__errno  0x00000000        0xc d:/stm32env/10 2020-q4-major/bin/../lib/gcc/arm-none-eabi/10.2.1/../../../../arm-none-eabi/lib/thumb/v7-m/nofp\libg.a(lib_a-errno.o)
 .debug_frame   0x00000000       0x20 d:/stm32env/10 2020-q4-major/bin/../lib/gcc/arm-none-eabi/10.2.1/../../../../arm-none-eabi/lib/thumb/v7-m/nofp\libg.a(lib_a-errno.o)
 .ARM.attributes
                0x00000000       0x2d d:/stm32env/10 2020-q4-major/bin/../lib/gcc/arm-none-eabi/10.2.1/../../../../arm-none-eabi/lib/thumb/v7-m/nofp\libg.a(lib_a-errno.o)
 .text          0x00000000        0x0 d:/stm32env/10 2020-q4-major/bin/../lib/gcc/arm-none-eabi/10.2.1/../../../../arm-none-eabi/lib/thumb/v7-m/nofp\libg.a(lib_a-exit.o)
 .data          0x00000000        0x0 d:/stm32env/10 2020-q4-major/bin/../lib/gcc/arm-none-eabi/10.2.1/../../../../arm-none-eabi/lib/thumb/v7-m/nofp\libg.a(lib_a-exit.o)
 .bss           0x00000000        0x0 d:/stm32env/10 2020-q4-major/bin/../lib/gcc/arm-none-eabi/10.2.1/../../../../arm-none-eabi/lib/thumb/v7-m/nofp\libg.a(lib_a-exit.o)
 .text.exit     0x00000000       0x20 d:/stm32env/10 2020-q4-major/bin/../lib/gcc/arm-none-eabi/10.2.1/../../../../arm-none-eabi/lib/thumb/v7-m/nofp\libg.a(lib_a-exit.o)
 .debug_frame   0x00000000       0x28 d:/stm32env/10 2020-q4-major/bin/../lib/gcc/arm-none-eabi/10.2.1/../../../../arm-none-eabi/lib/thumb/v7-m/nofp\libg.a(lib_a-exit.o)
 .ARM.attributes
                0x00000000       0x2d d:/stm32env/10 2020-q4-major/bin/../lib/gcc/arm-none-eabi/10.2.1/../../../../arm-none-eabi/lib/thumb/v7-m/nofp\libg.a(lib_a-exit.o)
 .text          0x00000000        0x0 d:/stm32env/10 2020-q4-major/bin/../lib/gcc/arm-none-eabi/10.2.1/../../../../arm-none-eabi/lib/thumb/v7-m/nofp\libg.a(lib_a-impure.o)
 .data          0x00000000        0x0 d:/stm32env/10 2020-q4-major/bin/../lib/gcc/arm-none-eabi/10.2.1/../../../../arm-none-eabi/lib/thumb/v7-m/nofp\libg.a(lib_a-impure.o)
 .bss           0x00000000        0x0 d:/stm32env/10 2020-q4-major/bin/../lib/gcc/arm-none-eabi/10.2.1/../../../../arm-none-eabi/lib/thumb/v7-m/nofp\libg.a(lib_a-impure.o)
 .data._impure_ptr
                0x00000000        0x4 d:/stm32env/10 2020-q4-major/bin/../lib/gcc/arm-none-eabi/10.2.1/../../../../arm-none-eabi/lib/thumb/v7-m/nofp\libg.a(lib_a-impure.o)
 .text          0x00000000        0x0 d:/stm32env/10 2020-q4-major/bin/../lib/gcc/arm-none-eabi/10.2.1/../../../../arm-none-eabi/lib/thumb/v7-m/nofp\libg.a(lib_a-init.o)
 .data          0x00000000        0x0 d:/stm32env/10 2020-q4-major/bin/../lib/gcc/arm-none-eabi/10.2.1/../../../../arm-none-eabi/lib/thumb/v7-m/nofp\libg.a(lib_a-init.o)
 .bss           0x00000000        0x0 d:/stm32env/10 2020-q4-major/bin/../lib/gcc/arm-none-eabi/10.2.1/../../../../arm-none-eabi/lib/thumb/v7-m/nofp\libg.a(lib_a-init.o)
 .text          0x00000000        0x0 d:/stm32env/10 2020-q4-major/bin/../lib/gcc/arm-none-eabi/10.2.1/../../../../arm-none-eabi/lib/thumb/v7-m/nofp\libg.a(lib_a-memset.o)
 .data          0x00000000        0x0 d:/stm32env/10 2020-q4-major/bin/../lib/gcc/arm-none-eabi/10.2.1/../../../../arm-none-eabi/lib/thumb/v7-m/nofp\libg.a(lib_a-memset.o)
 .bss           0x00000000        0x0 d:/stm32env/10 2020-q4-major/bin/../lib/gcc/arm-none-eabi/10.2.1/../../../../arm-none-eabi/lib/thumb/v7-m/nofp\libg.a(lib_a-memset.o)
 .text          0x00000000        0x0 d:/stm32env/10 2020-q4-major/bin/../lib/gcc/arm-none-eabi/10.2.1/../../../../arm-none-eabi/lib/thumb/v7-m/nofp\libg.a(lib_a-__call_atexit.o)
 .data          0x00000000        0x0 d:/stm32env/10 2020-q4-major/bin/../lib/gcc/arm-none-eabi/10.2.1/../../../../arm-none-eabi/lib/thumb/v7-m/nofp\libg.a(lib_a-__call_atexit.o)
 .bss           0x00000000        0x0 d:/stm32env/10 2020-q4-major/bin/../lib/gcc/arm-none-eabi/10.2.1/../../../../arm-none-eabi/lib/thumb/v7-m/nofp\libg.a(lib_a-__call_atexit.o)
 .text.__call_exitprocs
                0x00000000       0xc4 d:/stm32env/10 2020-q4-major/bin/../lib/gcc/arm-none-eabi/10.2.1/../../../../arm-none-eabi/lib/thumb/v7-m/nofp\libg.a(lib_a-__call_atexit.o)
 .text          0x00000000        0x0 d:/stm32env/10 2020-q4-major/bin/../lib/gcc/arm-none-eabi/10.2.1/../../../../arm-none-eabi/lib/thumb/v7-m/nofp\libg.a(lib_a-atexit.o)
 .data          0x00000000        0x0 d:/stm32env/10 2020-q4-major/bin/../lib/gcc/arm-none-eabi/10.2.1/../../../../arm-none-eabi/lib/thumb/v7-m/nofp\libg.a(lib_a-atexit.o)
 .bss           0x00000000        0x0 d:/stm32env/10 2020-q4-major/bin/../lib/gcc/arm-none-eabi/10.2.1/../../../../arm-none-eabi/lib/thumb/v7-m/nofp\libg.a(lib_a-atexit.o)
 .text          0x00000000        0x0 d:/stm32env/10 2020-q4-major/bin/../lib/gcc/arm-none-eabi/10.2.1/../../../../arm-none-eabi/lib/thumb/v7-m/nofp\libg.a(lib_a-fini.o)
 .data          0x00000000        0x0 d:/stm32env/10 2020-q4-major/bin/../lib/gcc/arm-none-eabi/10.2.1/../../../../arm-none-eabi/lib/thumb/v7-m/nofp\libg.a(lib_a-fini.o)
 .bss           0x00000000        0x0 d:/stm32env/10 2020-q4-major/bin/../lib/gcc/arm-none-eabi/10.2.1/../../../../arm-none-eabi/lib/thumb/v7-m/nofp\libg.a(lib_a-fini.o)
 .text          0x00000000        0x0 d:/stm32env/10 2020-q4-major/bin/../lib/gcc/arm-none-eabi/10.2.1/../../../../arm-none-eabi/lib/thumb/v7-m/nofp\libg.a(lib_a-lock.o)
 .data          0x00000000        0x0 d:/stm32env/10 2020-q4-major/bin/../lib/gcc/arm-none-eabi/10.2.1/../../../../arm-none-eabi/lib/thumb/v7-m/nofp\libg.a(lib_a-lock.o)
 .bss           0x00000000        0x0 d:/stm32env/10 2020-q4-major/bin/../lib/gcc/arm-none-eabi/10.2.1/../../../../arm-none-eabi/lib/thumb/v7-m/nofp\libg.a(lib_a-lock.o)
 .text.__retarget_lock_init
                0x00000000        0x4 d:/stm32env/10 2020-q4-major/bin/../lib/gcc/arm-none-eabi/10.2.1/../../../../arm-none-eabi/lib/thumb/v7-m/nofp\libg.a(lib_a-lock.o)
 .text.__retarget_lock_init_recursive
                0x00000000        0x4 d:/stm32env/10 2020-q4-major/bin/../lib/gcc/arm-none-eabi/10.2.1/../../../../arm-none-eabi/lib/thumb/v7-m/nofp\libg.a(lib_a-lock.o)
 .text.__retarget_lock_close
                0x00000000        0x4 d:/stm32env/10 2020-q4-major/bin/../lib/gcc/arm-none-eabi/10.2.1/../../../../arm-none-eabi/lib/thumb/v7-m/nofp\libg.a(lib_a-lock.o)
 .text.__retarget_lock_close_recursive
                0x00000000        0x4 d:/stm32env/10 2020-q4-major/bin/../lib/gcc/arm-none-eabi/10.2.1/../../../../arm-none-eabi/lib/thumb/v7-m/nofp\libg.a(lib_a-lock.o)
 .text.__retarget_lock_acquire
                0x00000000        0x4 d:/stm32env/10 2020-q4-major/bin/../lib/gcc/arm-none-eabi/10.2.1/../../../../arm-none-eabi/lib/thumb/v7-m/nofp\libg.a(lib_a-lock.o)
 .text.__retarget_lock_try_acquire
                0x00000000        0x4 d:/stm32env/10 2020-q4-major/bin/../lib/gcc/arm-none-eabi/10.2.1/../../../../arm-none-eabi/lib/thumb/v7-m/nofp\libg.a(lib_a-lock.o)
 .text.__retarget_lock_try_acquire_recursive
                0x00000000        0x4 d:/stm32env/10 2020-q4-major/bin/../lib/gcc/arm-none-eabi/10.2.1/../../../../arm-none-eabi/lib/thumb/v7-m/nofp\libg.a(lib_a-lock.o)
 .text.__retarget_lock_release
                0x00000000        0x4 d:/stm32env/10 2020-q4-major/bin/../lib/gcc/arm-none-eabi/10.2.1/../../../../arm-none-eabi/lib/thumb/v7-m/nofp\libg.a(lib_a-lock.o)
 .bss.__lock___arc4random_mutex
                0x00000000        0x1 d:/stm32env/10 2020-q4-major/bin/../lib/gcc/arm-none-eabi/10.2.1/../../../../arm-none-eabi/lib/thumb/v7-m/nofp\libg.a(lib_a-lock.o)
 .bss.__lock___at_quick_exit_mutex
                0x00000000        0x1 d:/stm32env/10 2020-q4-major/bin/../lib/gcc/arm-none-eabi/10.2.1/../../../../arm-none-eabi/lib/thumb/v7-m/nofp\libg.a(lib_a-lock.o)
 .bss.__lock___dd_hash_mutex
                0x00000000        0x1 d:/stm32env/10 2020-q4-major/bin/../lib/gcc/arm-none-eabi/10.2.1/../../../../arm-none-eabi/lib/thumb/v7-m/nofp\libg.a(lib_a-lock.o)
 .bss.__lock___env_recursive_mutex
                0x00000000        0x1 d:/stm32env/10 2020-q4-major/bin/../lib/gcc/arm-none-eabi/10.2.1/../../../../arm-none-eabi/lib/thumb/v7-m/nofp\libg.a(lib_a-lock.o)
 .bss.__lock___malloc_recursive_mutex
                0x00000000        0x1 d:/stm32env/10 2020-q4-major/bin/../lib/gcc/arm-none-eabi/10.2.1/../../../../arm-none-eabi/lib/thumb/v7-m/nofp\libg.a(lib_a-lock.o)
 .bss.__lock___sfp_recursive_mutex
                0x00000000        0x1 d:/stm32env/10 2020-q4-major/bin/../lib/gcc/arm-none-eabi/10.2.1/../../../../arm-none-eabi/lib/thumb/v7-m/nofp\libg.a(lib_a-lock.o)
 .bss.__lock___sinit_recursive_mutex
                0x00000000        0x1 d:/stm32env/10 2020-q4-major/bin/../lib/gcc/arm-none-eabi/10.2.1/../../../../arm-none-eabi/lib/thumb/v7-m/nofp\libg.a(lib_a-lock.o)
 .bss.__lock___tz_mutex
                0x00000000        0x1 d:/stm32env/10 2020-q4-major/bin/../lib/gcc/arm-none-eabi/10.2.1/../../../../arm-none-eabi/lib/thumb/v7-m/nofp\libg.a(lib_a-lock.o)
 .text          0x00000000        0x0 d:/stm32env/10 2020-q4-major/bin/../lib/gcc/arm-none-eabi/10.2.1/../../../../arm-none-eabi/lib/thumb/v7-m/nofp\libg.a(lib_a-__atexit.o)
 .data          0x00000000        0x0 d:/stm32env/10 2020-q4-major/bin/../lib/gcc/arm-none-eabi/10.2.1/../../../../arm-none-eabi/lib/thumb/v7-m/nofp\libg.a(lib_a-__atexit.o)
 .bss           0x00000000        0x0 d:/stm32env/10 2020-q4-major/bin/../lib/gcc/arm-none-eabi/10.2.1/../../../../arm-none-eabi/lib/thumb/v7-m/nofp\libg.a(lib_a-__atexit.o)
 .text          0x00000000        0x0 d:/stm32env/10 2020-q4-major/bin/../lib/gcc/arm-none-eabi/10.2.1/thumb/v7-m/nofp/crtend.o
 .data          0x00000000        0x0 d:/stm32env/10 2020-q4-major/bin/../lib/gcc/arm-none-eabi/10.2.1/thumb/v7-m/nofp/crtend.o
 .bss           0x00000000        0x0 d:/stm32env/10 2020-q4-major/bin/../lib/gcc/arm-none-eabi/10.2.1/thumb/v7-m/nofp/crtend.o
 .rodata        0x00000000       0x24 d:/stm32env/10 2020-q4-major/bin/../lib/gcc/arm-none-eabi/10.2.1/thumb/v7-m/nofp/crtend.o
 .eh_frame      0x00000000        0x4 d:/stm32env/10 2020-q4-major/bin/../lib/gcc/arm-none-eabi/10.2.1/thumb/v7-m/nofp/crtend.o
 .ARM.attributes
                0x00000000       0x2d d:/stm32env/10 2020-q4-major/bin/../lib/gcc/arm-none-eabi/10.2.1/thumb/v7-m/nofp/crtend.o
 .text          0x00000000        0x0 d:/stm32env/10 2020-q4-major/bin/../lib/gcc/arm-none-eabi/10.2.1/thumb/v7-m/nofp/crtn.o
 .data          0x00000000        0x0 d:/stm32env/10 2020-q4-major/bin/../lib/gcc/arm-none-eabi/10.2.1/thumb/v7-m/nofp/crtn.o
 .bss           0x00000000        0x0 d:/stm32env/10 2020-q4-major/bin/../lib/gcc/arm-none-eabi/10.2.1/thumb/v7-m/nofp/crtn.o

Memory Configuration

Name             Origin             Length             Attributes
RAM              0x20000000         0x0000c000         xrw
FLASH            0x08000000         0x00040000         xr
*default*        0x00000000         0xffffffff

Linker script and memory map

LOAD d:/stm32env/10 2020-q4-major/bin/../lib/gcc/arm-none-eabi/10.2.1/thumb/v7-m/nofp/crti.o
LOAD d:/stm32env/10 2020-q4-major/bin/../lib/gcc/arm-none-eabi/10.2.1/thumb/v7-m/nofp/crtbegin.o
LOAD d:/stm32env/10 2020-q4-major/bin/../lib/gcc/arm-none-eabi/10.2.1/../../../../arm-none-eabi/lib/thumb/v7-m/nofp/crt0.o
LOAD CMakeFiles\U1.elf.dir\Core\Src\gpio.c.obj
LOAD CMakeFiles\U1.elf.dir\Core\Src\main.c.obj
LOAD CMakeFiles\U1.elf.dir\Core\Src\stm32f1xx_hal_msp.c.obj
LOAD CMakeFiles\U1.elf.dir\Core\Src\stm32f1xx_it.c.obj
LOAD CMakeFiles\U1.elf.dir\Core\Src\syscalls.c.obj
LOAD CMakeFiles\U1.elf.dir\Core\Src\system_stm32f1xx.c.obj
LOAD CMakeFiles\U1.elf.dir\Drivers\STM32F1xx_HAL_Driver\Src\stm32f1xx_hal.c.obj
LOAD CMakeFiles\U1.elf.dir\Drivers\STM32F1xx_HAL_Driver\Src\stm32f1xx_hal_cortex.c.obj
LOAD CMakeFiles\U1.elf.dir\Drivers\STM32F1xx_HAL_Driver\Src\stm32f1xx_hal_dma.c.obj
LOAD CMakeFiles\U1.elf.dir\Drivers\STM32F1xx_HAL_Driver\Src\stm32f1xx_hal_exti.c.obj
LOAD CMakeFiles\U1.elf.dir\Drivers\STM32F1xx_HAL_Driver\Src\stm32f1xx_hal_flash.c.obj
LOAD CMakeFiles\U1.elf.dir\Drivers\STM32F1xx_HAL_Driver\Src\stm32f1xx_hal_flash_ex.c.obj
LOAD CMakeFiles\U1.elf.dir\Drivers\STM32F1xx_HAL_Driver\Src\stm32f1xx_hal_gpio.c.obj
LOAD CMakeFiles\U1.elf.dir\Drivers\STM32F1xx_HAL_Driver\Src\stm32f1xx_hal_gpio_ex.c.obj
LOAD CMakeFiles\U1.elf.dir\Drivers\STM32F1xx_HAL_Driver\Src\stm32f1xx_hal_pwr.c.obj
LOAD CMakeFiles\U1.elf.dir\Drivers\STM32F1xx_HAL_Driver\Src\stm32f1xx_hal_rcc.c.obj
LOAD CMakeFiles\U1.elf.dir\Drivers\STM32F1xx_HAL_Driver\Src\stm32f1xx_hal_rcc_ex.c.obj
LOAD CMakeFiles\U1.elf.dir\Drivers\STM32F1xx_HAL_Driver\Src\stm32f1xx_hal_tim.c.obj
LOAD CMakeFiles\U1.elf.dir\Drivers\STM32F1xx_HAL_Driver\Src\stm32f1xx_hal_tim_ex.c.obj
LOAD CMakeFiles\U1.elf.dir\startup\startup_stm32f103xe.s.obj
START GROUP
LOAD d:/stm32env/10 2020-q4-major/bin/../lib/gcc/arm-none-eabi/10.2.1/thumb/v7-m/nofp\libgcc.a
LOAD d:/stm32env/10 2020-q4-major/bin/../lib/gcc/arm-none-eabi/10.2.1/../../../../arm-none-eabi/lib/thumb/v7-m/nofp\libg.a
LOAD d:/stm32env/10 2020-q4-major/bin/../lib/gcc/arm-none-eabi/10.2.1/../../../../arm-none-eabi/lib/thumb/v7-m/nofp\libc.a
END GROUP
LOAD d:/stm32env/10 2020-q4-major/bin/../lib/gcc/arm-none-eabi/10.2.1/thumb/v7-m/nofp/crtend.o
LOAD d:/stm32env/10 2020-q4-major/bin/../lib/gcc/arm-none-eabi/10.2.1/thumb/v7-m/nofp/crtn.o
                0x2000c000                _estack = 0x2000c000
                0x00000200                _Min_Heap_Size = 0x200
                0x00000400                _Min_Stack_Size = 0x400

.isr_vector     0x08000000      0x1e4
                0x08000000                . = ALIGN (0x4)
 *(.isr_vector)
 .isr_vector    0x08000000      0x1e4 CMakeFiles\U1.elf.dir\startup\startup_stm32f103xe.s.obj
                0x08000000                g_pfnVectors
                0x080001e4                . = ALIGN (0x4)

.text           0x080001e4      0xe0c
                0x080001e4                . = ALIGN (0x4)
 *(.text)
 .text          0x080001e4       0x40 d:/stm32env/10 2020-q4-major/bin/../lib/gcc/arm-none-eabi/10.2.1/thumb/v7-m/nofp/crtbegin.o
 *(.text*)
 .text.MX_GPIO_Init
                0x08000224       0x8c CMakeFiles\U1.elf.dir\Core\Src\gpio.c.obj
                0x08000224                MX_GPIO_Init
 .text.Error_Handler
                0x080002b0        0x4 CMakeFiles\U1.elf.dir\Core\Src\main.c.obj
                0x080002b0                Error_Handler
 .text.SystemClock_Config
                0x080002b4       0x52 CMakeFiles\U1.elf.dir\Core\Src\main.c.obj
                0x080002b4                SystemClock_Config
 *fill*         0x08000306        0x2 
 .text.main     0x08000308       0x88 CMakeFiles\U1.elf.dir\Core\Src\main.c.obj
                0x08000308                main
 .text.HAL_MspInit
                0x08000390       0x44 CMakeFiles\U1.elf.dir\Core\Src\stm32f1xx_hal_msp.c.obj
                0x08000390                HAL_MspInit
 .text.NMI_Handler
                0x080003d4        0x2 CMakeFiles\U1.elf.dir\Core\Src\stm32f1xx_it.c.obj
                0x080003d4                NMI_Handler
 .text.HardFault_Handler
                0x080003d6        0x2 CMakeFiles\U1.elf.dir\Core\Src\stm32f1xx_it.c.obj
                0x080003d6                HardFault_Handler
 .text.MemManage_Handler
                0x080003d8        0x2 CMakeFiles\U1.elf.dir\Core\Src\stm32f1xx_it.c.obj
                0x080003d8                MemManage_Handler
 .text.BusFault_Handler
                0x080003da        0x2 CMakeFiles\U1.elf.dir\Core\Src\stm32f1xx_it.c.obj
                0x080003da                BusFault_Handler
 .text.UsageFault_Handler
                0x080003dc        0x2 CMakeFiles\U1.elf.dir\Core\Src\stm32f1xx_it.c.obj
                0x080003dc                UsageFault_Handler
 .text.SVC_Handler
                0x080003de        0x2 CMakeFiles\U1.elf.dir\Core\Src\stm32f1xx_it.c.obj
                0x080003de                SVC_Handler
 .text.DebugMon_Handler
                0x080003e0        0x2 CMakeFiles\U1.elf.dir\Core\Src\stm32f1xx_it.c.obj
                0x080003e0                DebugMon_Handler
 .text.PendSV_Handler
                0x080003e2        0x2 CMakeFiles\U1.elf.dir\Core\Src\stm32f1xx_it.c.obj
                0x080003e2                PendSV_Handler
 .text.SysTick_Handler
                0x080003e4        0x8 CMakeFiles\U1.elf.dir\Core\Src\stm32f1xx_it.c.obj
                0x080003e4                SysTick_Handler
 .text.SystemInit
                0x080003ec        0x2 CMakeFiles\U1.elf.dir\Core\Src\system_stm32f1xx.c.obj
                0x080003ec                SystemInit
 *fill*         0x080003ee        0x2 
 .text.HAL_InitTick
                0x080003f0       0x4c CMakeFiles\U1.elf.dir\Drivers\STM32F1xx_HAL_Driver\Src\stm32f1xx_hal.c.obj
                0x080003f0                HAL_InitTick
 .text.HAL_Init
                0x0800043c       0x24 CMakeFiles\U1.elf.dir\Drivers\STM32F1xx_HAL_Driver\Src\stm32f1xx_hal.c.obj
                0x0800043c                HAL_Init
 .text.HAL_IncTick
                0x08000460       0x18 CMakeFiles\U1.elf.dir\Drivers\STM32F1xx_HAL_Driver\Src\stm32f1xx_hal.c.obj
                0x08000460                HAL_IncTick
 .text.HAL_GetTick
                0x08000478        0xc CMakeFiles\U1.elf.dir\Drivers\STM32F1xx_HAL_Driver\Src\stm32f1xx_hal.c.obj
                0x08000478                HAL_GetTick
 .text.HAL_NVIC_SetPriorityGrouping
                0x08000484       0x24 CMakeFiles\U1.elf.dir\Drivers\STM32F1xx_HAL_Driver\Src\stm32f1xx_hal_cortex.c.obj
                0x08000484                HAL_NVIC_SetPriorityGrouping
 .text.HAL_NVIC_SetPriority
                0x080004a8       0x70 CMakeFiles\U1.elf.dir\Drivers\STM32F1xx_HAL_Driver\Src\stm32f1xx_hal_cortex.c.obj
                0x080004a8                HAL_NVIC_SetPriority
 .text.HAL_SYSTICK_Config
                0x08000518       0x28 CMakeFiles\U1.elf.dir\Drivers\STM32F1xx_HAL_Driver\Src\stm32f1xx_hal_cortex.c.obj
                0x08000518                HAL_SYSTICK_Config
 .text.HAL_GPIO_Init
                0x08000540      0x240 CMakeFiles\U1.elf.dir\Drivers\STM32F1xx_HAL_Driver\Src\stm32f1xx_hal_gpio.c.obj
                0x08000540                HAL_GPIO_Init
 .text.HAL_GPIO_ReadPin
                0x08000780        0xe CMakeFiles\U1.elf.dir\Drivers\STM32F1xx_HAL_Driver\Src\stm32f1xx_hal_gpio.c.obj
                0x08000780                HAL_GPIO_ReadPin
 .text.HAL_GPIO_WritePin
                0x0800078e        0xc CMakeFiles\U1.elf.dir\Drivers\STM32F1xx_HAL_Driver\Src\stm32f1xx_hal_gpio.c.obj
                0x0800078e                HAL_GPIO_WritePin
 .text.HAL_GPIO_TogglePin
                0x0800079a       0x12 CMakeFiles\U1.elf.dir\Drivers\STM32F1xx_HAL_Driver\Src\stm32f1xx_hal_gpio.c.obj
                0x0800079a                HAL_GPIO_TogglePin
 .text.RCC_Delay
                0x080007ac       0x2c CMakeFiles\U1.elf.dir\Drivers\STM32F1xx_HAL_Driver\Src\stm32f1xx_hal_rcc.c.obj
 .text.HAL_RCC_OscConfig
                0x080007d8      0x410 CMakeFiles\U1.elf.dir\Drivers\STM32F1xx_HAL_Driver\Src\stm32f1xx_hal_rcc.c.obj
                0x080007d8                HAL_RCC_OscConfig
 .text.HAL_RCC_GetSysClockFreq
                0x08000be8       0x6c CMakeFiles\U1.elf.dir\Drivers\STM32F1xx_HAL_Driver\Src\stm32f1xx_hal_rcc.c.obj
                0x08000be8                HAL_RCC_GetSysClockFreq
 .text.HAL_RCC_ClockConfig
                0x08000c54      0x16c CMakeFiles\U1.elf.dir\Drivers\STM32F1xx_HAL_Driver\Src\stm32f1xx_hal_rcc.c.obj
                0x08000c54                HAL_RCC_ClockConfig
 .text.Reset_Handler
                0x08000dc0       0x48 CMakeFiles\U1.elf.dir\startup\startup_stm32f103xe.s.obj
                0x08000dc0                Reset_Handler
 .text.Default_Handler
                0x08000e08        0x2 CMakeFiles\U1.elf.dir\startup\startup_stm32f103xe.s.obj
                0x08000e08                RTC_Alarm_IRQHandler
                0x08000e08                EXTI2_IRQHandler
                0x08000e08                TIM8_TRG_COM_IRQHandler
                0x08000e08                TIM8_CC_IRQHandler
                0x08000e08                TIM1_CC_IRQHandler
                0x08000e08                TIM6_IRQHandler
                0x08000e08                PVD_IRQHandler
                0x08000e08                SDIO_IRQHandler
                0x08000e08                EXTI3_IRQHandler
                0x08000e08                EXTI0_IRQHandler
                0x08000e08                I2C2_EV_IRQHandler
                0x08000e08                ADC1_2_IRQHandler
                0x08000e08                SPI1_IRQHandler
                0x08000e08                TAMPER_IRQHandler
                0x08000e08                TIM8_UP_IRQHandler
                0x08000e08                DMA2_Channel2_IRQHandler
                0x08000e08                DMA1_Channel4_IRQHandler
                0x08000e08                USART3_IRQHandler
                0x08000e08                RTC_IRQHandler
                0x08000e08                DMA1_Channel7_IRQHandler
                0x08000e08                CAN1_RX1_IRQHandler
                0x08000e08                UART5_IRQHandler
                0x08000e08                ADC3_IRQHandler
                0x08000e08                TIM4_IRQHandler
                0x08000e08                DMA2_Channel1_IRQHandler
                0x08000e08                I2C1_EV_IRQHandler
                0x08000e08                DMA1_Channel6_IRQHandler
                0x08000e08                UART4_IRQHandler
                0x08000e08                TIM3_IRQHandler
                0x08000e08                RCC_IRQHandler
                0x08000e08                TIM1_TRG_COM_IRQHandler
                0x08000e08                DMA1_Channel1_IRQHandler
                0x08000e08                Default_Handler
                0x08000e08                EXTI15_10_IRQHandler
                0x08000e08                TIM7_IRQHandler
                0x08000e08                TIM5_IRQHandler
                0x08000e08                EXTI9_5_IRQHandler
                0x08000e08                SPI2_IRQHandler
                0x08000e08                DMA1_Channel5_IRQHandler
                0x08000e08                EXTI4_IRQHandler
                0x08000e08                USB_LP_CAN1_RX0_IRQHandler
                0x08000e08                USB_HP_CAN1_TX_IRQHandler
                0x08000e08                DMA1_Channel3_IRQHandler
                0x08000e08                FSMC_IRQHandler
                0x08000e08                TIM1_UP_IRQHandler
                0x08000e08                WWDG_IRQHandler
                0x08000e08                TIM2_IRQHandler
                0x08000e08                TIM1_BRK_IRQHandler
                0x08000e08                EXTI1_IRQHandler
                0x08000e08                DMA2_Channel4_5_IRQHandler
                0x08000e08                USART2_IRQHandler
                0x08000e08                I2C2_ER_IRQHandler
                0x08000e08                DMA1_Channel2_IRQHandler
                0x08000e08                TIM8_BRK_IRQHandler
                0x08000e08                CAN1_SCE_IRQHandler
                0x08000e08                FLASH_IRQHandler
                0x08000e08                USART1_IRQHandler
                0x08000e08                SPI3_IRQHandler
                0x08000e08                I2C1_ER_IRQHandler
                0x08000e08                USBWakeUp_IRQHandler
                0x08000e08                DMA2_Channel3_IRQHandler
 *fill*         0x08000e0a        0x2 
 .text.__libc_init_array
                0x08000e0c       0x48 d:/stm32env/10 2020-q4-major/bin/../lib/gcc/arm-none-eabi/10.2.1/../../../../arm-none-eabi/lib/thumb/v7-m/nofp\libg.a(lib_a-init.o)
                0x08000e0c                __libc_init_array
 .text.memset   0x08000e54       0xa4 d:/stm32env/10 2020-q4-major/bin/../lib/gcc/arm-none-eabi/10.2.1/../../../../arm-none-eabi/lib/thumb/v7-m/nofp\libg.a(lib_a-memset.o)
                0x08000e54                memset
 .text.startup.register_fini
                0x08000ef8       0x14 d:/stm32env/10 2020-q4-major/bin/../lib/gcc/arm-none-eabi/10.2.1/../../../../arm-none-eabi/lib/thumb/v7-m/nofp\libg.a(lib_a-__call_atexit.o)
 .text.atexit   0x08000f0c        0xc d:/stm32env/10 2020-q4-major/bin/../lib/gcc/arm-none-eabi/10.2.1/../../../../arm-none-eabi/lib/thumb/v7-m/nofp\libg.a(lib_a-atexit.o)
                0x08000f0c                atexit
 .text.__libc_fini_array
                0x08000f18       0x2c d:/stm32env/10 2020-q4-major/bin/../lib/gcc/arm-none-eabi/10.2.1/../../../../arm-none-eabi/lib/thumb/v7-m/nofp\libg.a(lib_a-fini.o)
                0x08000f18                __libc_fini_array
 .text.__retarget_lock_acquire_recursive
                0x08000f44        0x4 d:/stm32env/10 2020-q4-major/bin/../lib/gcc/arm-none-eabi/10.2.1/../../../../arm-none-eabi/lib/thumb/v7-m/nofp\libg.a(lib_a-lock.o)
                0x08000f44                __retarget_lock_acquire_recursive
 .text.__retarget_lock_release_recursive
                0x08000f48        0x4 d:/stm32env/10 2020-q4-major/bin/../lib/gcc/arm-none-eabi/10.2.1/../../../../arm-none-eabi/lib/thumb/v7-m/nofp\libg.a(lib_a-lock.o)
                0x08000f48                __retarget_lock_release_recursive
 .text.__register_exitproc
                0x08000f4c       0x8c d:/stm32env/10 2020-q4-major/bin/../lib/gcc/arm-none-eabi/10.2.1/../../../../arm-none-eabi/lib/thumb/v7-m/nofp\libg.a(lib_a-__atexit.o)
                0x08000f4c                __register_exitproc
 *(.glue_7)
 .glue_7        0x08000fd8        0x0 linker stubs
 *(.glue_7t)
 .glue_7t       0x08000fd8        0x0 linker stubs
 *(.eh_frame)
 .eh_frame      0x08000fd8        0x0 d:/stm32env/10 2020-q4-major/bin/../lib/gcc/arm-none-eabi/10.2.1/thumb/v7-m/nofp/crtbegin.o
 *(.init)
 .init          0x08000fd8        0x4 d:/stm32env/10 2020-q4-major/bin/../lib/gcc/arm-none-eabi/10.2.1/thumb/v7-m/nofp/crti.o
                0x08000fd8                _init
 .init          0x08000fdc        0x8 d:/stm32env/10 2020-q4-major/bin/../lib/gcc/arm-none-eabi/10.2.1/thumb/v7-m/nofp/crtn.o
 *(.fini)
 .fini          0x08000fe4        0x4 d:/stm32env/10 2020-q4-major/bin/../lib/gcc/arm-none-eabi/10.2.1/thumb/v7-m/nofp/crti.o
                0x08000fe4                _fini
 .fini          0x08000fe8        0x8 d:/stm32env/10 2020-q4-major/bin/../lib/gcc/arm-none-eabi/10.2.1/thumb/v7-m/nofp/crtn.o
                0x08000ff0                . = ALIGN (0x4)
                0x08000ff0                _etext = .

.vfp11_veneer   0x08000ff0        0x0
 .vfp11_veneer  0x08000ff0        0x0 linker stubs

.v4_bx          0x08000ff0        0x0
 .v4_bx         0x08000ff0        0x0 linker stubs

.iplt           0x08000ff0        0x0
 .iplt          0x08000ff0        0x0 d:/stm32env/10 2020-q4-major/bin/../lib/gcc/arm-none-eabi/10.2.1/thumb/v7-m/nofp/crtbegin.o

.rodata         0x08000ff0       0x28
                0x08000ff0                . = ALIGN (0x4)
 *(.rodata)
 *(.rodata*)
 .rodata.AHBPrescTable
                0x08000ff0       0x10 CMakeFiles\U1.elf.dir\Core\Src\system_stm32f1xx.c.obj
                0x08000ff0                AHBPrescTable
 .rodata.HAL_RCC_GetSysClockFreq.str1.4
                0x08001000       0x11 CMakeFiles\U1.elf.dir\Drivers\STM32F1xx_HAL_Driver\Src\stm32f1xx_hal_rcc.c.obj
 *fill*         0x08001011        0x3 
 .rodata._global_impure_ptr
                0x08001014        0x4 d:/stm32env/10 2020-q4-major/bin/../lib/gcc/arm-none-eabi/10.2.1/../../../../arm-none-eabi/lib/thumb/v7-m/nofp\libg.a(lib_a-impure.o)
                0x08001014                _global_impure_ptr
                0x08001018                . = ALIGN (0x4)

.rel.dyn        0x08001018        0x0
 .rel.iplt      0x08001018        0x0 d:/stm32env/10 2020-q4-major/bin/../lib/gcc/arm-none-eabi/10.2.1/thumb/v7-m/nofp/crtbegin.o

.ARM.extab
 *(.ARM.extab* .gnu.linkonce.armextab.*)

.ARM            0x08001018        0x0
                0x08001018                __exidx_start = .
 *(.ARM.exidx*)
                0x08001018                __exidx_end = .

.preinit_array  0x08001018        0x0
                0x08001018                PROVIDE (__preinit_array_start = .)
 *(.preinit_array*)
                0x08001018                PROVIDE (__preinit_array_end = .)

.init_array     0x08001018        0x8
                0x08001018                PROVIDE (__init_array_start = .)
 *(SORT_BY_NAME(.init_array.*))
 .init_array.00000
                0x08001018        0x4 d:/stm32env/10 2020-q4-major/bin/../lib/gcc/arm-none-eabi/10.2.1/../../../../arm-none-eabi/lib/thumb/v7-m/nofp\libg.a(lib_a-__call_atexit.o)
 *(.init_array*)
 .init_array    0x0800101c        0x4 d:/stm32env/10 2020-q4-major/bin/../lib/gcc/arm-none-eabi/10.2.1/thumb/v7-m/nofp/crtbegin.o
                0x08001020                PROVIDE (__init_array_end = .)

.fini_array     0x08001020        0x4
                0x08001020                PROVIDE (__fini_array_start = .)
 *(SORT_BY_NAME(.fini_array.*))
 *(.fini_array*)
 .fini_array    0x08001020        0x4 d:/stm32env/10 2020-q4-major/bin/../lib/gcc/arm-none-eabi/10.2.1/thumb/v7-m/nofp/crtbegin.o
                0x08001024                PROVIDE (__fini_array_end = .)
                0x08001024                _sidata = LOADADDR (.data)

.data           0x20000000      0x43c load address 0x08001024
                0x20000000                . = ALIGN (0x4)
                0x20000000                _sdata = .
 *(.data)
 *(.data*)
 .data.SystemCoreClock
                0x20000000        0x4 CMakeFiles\U1.elf.dir\Core\Src\system_stm32f1xx.c.obj
                0x20000000                SystemCoreClock
 .data.uwTickFreq
                0x20000004        0x1 CMakeFiles\U1.elf.dir\Drivers\STM32F1xx_HAL_Driver\Src\stm32f1xx_hal.c.obj
                0x20000004                uwTickFreq
 *fill*         0x20000005        0x3 
 .data.uwTickPrio
                0x20000008        0x4 CMakeFiles\U1.elf.dir\Drivers\STM32F1xx_HAL_Driver\Src\stm32f1xx_hal.c.obj
                0x20000008                uwTickPrio
 *fill*         0x2000000c        0x4 
 .data.impure_data
                0x20000010      0x428 d:/stm32env/10 2020-q4-major/bin/../lib/gcc/arm-none-eabi/10.2.1/../../../../arm-none-eabi/lib/thumb/v7-m/nofp\libg.a(lib_a-impure.o)
 .data.__atexit_recursive_mutex
                0x20000438        0x4 d:/stm32env/10 2020-q4-major/bin/../lib/gcc/arm-none-eabi/10.2.1/../../../../arm-none-eabi/lib/thumb/v7-m/nofp\libg.a(lib_a-__call_atexit.o)
                0x20000438                __atexit_recursive_mutex
                0x2000043c                . = ALIGN (0x4)
                0x2000043c                _edata = .

.igot.plt       0x2000043c        0x0 load address 0x08001460
 .igot.plt      0x2000043c        0x0 d:/stm32env/10 2020-q4-major/bin/../lib/gcc/arm-none-eabi/10.2.1/thumb/v7-m/nofp/crtbegin.o
                0x2000043c                . = ALIGN (0x4)

.bss            0x2000043c       0x24 load address 0x08001460
                0x2000043c                _sbss = .
                0x2000043c                __bss_start__ = _sbss
 *(.bss)
 .bss           0x2000043c       0x1c d:/stm32env/10 2020-q4-major/bin/../lib/gcc/arm-none-eabi/10.2.1/thumb/v7-m/nofp/crtbegin.o
 *(.bss*)
 .bss.uwTick    0x20000458        0x4 CMakeFiles\U1.elf.dir\Drivers\STM32F1xx_HAL_Driver\Src\stm32f1xx_hal.c.obj
                0x20000458                uwTick
 .bss.__lock___atexit_recursive_mutex
                0x2000045c        0x1 d:/stm32env/10 2020-q4-major/bin/../lib/gcc/arm-none-eabi/10.2.1/../../../../arm-none-eabi/lib/thumb/v7-m/nofp\libg.a(lib_a-lock.o)
                0x2000045c                __lock___atexit_recursive_mutex
 *(COMMON)
                0x20000460                . = ALIGN (0x4)
 *fill*         0x2000045d        0x3 
                0x20000460                _ebss = .
                0x20000460                __bss_end__ = _ebss

._user_heap_stack
                0x20000460      0x600 load address 0x08001460
                0x20000460                . = ALIGN (0x8)
                0x20000460                PROVIDE (end = .)
                [!provide]                PROVIDE (_end = .)
                0x20000660                . = (. + _Min_Heap_Size)
 *fill*         0x20000460      0x200 
                0x20000a60                . = (. + _Min_Stack_Size)
 *fill*         0x20000660      0x400 
                0x20000a60                . = ALIGN (0x8)

/DISCARD/
 libc.a(*)
 libm.a(*)
 libgcc.a(*)

.ARM.attributes
                0x00000000       0x29
 *(.ARM.attributes)
 .ARM.attributes
                0x00000000       0x1d d:/stm32env/10 2020-q4-major/bin/../lib/gcc/arm-none-eabi/10.2.1/thumb/v7-m/nofp/crti.o
 .ARM.attributes
                0x0000001d       0x2d d:/stm32env/10 2020-q4-major/bin/../lib/gcc/arm-none-eabi/10.2.1/thumb/v7-m/nofp/crtbegin.o
 .ARM.attributes
                0x0000004a       0x2d CMakeFiles\U1.elf.dir\Core\Src\gpio.c.obj
 .ARM.attributes
                0x00000077       0x2d CMakeFiles\U1.elf.dir\Core\Src\main.c.obj
 .ARM.attributes
                0x000000a4       0x2d CMakeFiles\U1.elf.dir\Core\Src\stm32f1xx_hal_msp.c.obj
 .ARM.attributes
                0x000000d1       0x2d CMakeFiles\U1.elf.dir\Core\Src\stm32f1xx_it.c.obj
 .ARM.attributes
                0x000000fe       0x2d CMakeFiles\U1.elf.dir\Core\Src\system_stm32f1xx.c.obj
 .ARM.attributes
                0x0000012b       0x2d CMakeFiles\U1.elf.dir\Drivers\STM32F1xx_HAL_Driver\Src\stm32f1xx_hal.c.obj
 .ARM.attributes
                0x00000158       0x2d CMakeFiles\U1.elf.dir\Drivers\STM32F1xx_HAL_Driver\Src\stm32f1xx_hal_cortex.c.obj
 .ARM.attributes
                0x00000185       0x2d CMakeFiles\U1.elf.dir\Drivers\STM32F1xx_HAL_Driver\Src\stm32f1xx_hal_gpio.c.obj
 .ARM.attributes
                0x000001b2       0x2d CMakeFiles\U1.elf.dir\Drivers\STM32F1xx_HAL_Driver\Src\stm32f1xx_hal_rcc.c.obj
 .ARM.attributes
                0x000001df       0x21 CMakeFiles\U1.elf.dir\startup\startup_stm32f103xe.s.obj
 .ARM.attributes
                0x00000200       0x2d d:/stm32env/10 2020-q4-major/bin/../lib/gcc/arm-none-eabi/10.2.1/../../../../arm-none-eabi/lib/thumb/v7-m/nofp\libg.a(lib_a-impure.o)
 .ARM.attributes
                0x0000022d       0x2d d:/stm32env/10 2020-q4-major/bin/../lib/gcc/arm-none-eabi/10.2.1/../../../../arm-none-eabi/lib/thumb/v7-m/nofp\libg.a(lib_a-init.o)
 .ARM.attributes
                0x0000025a       0x2d d:/stm32env/10 2020-q4-major/bin/../lib/gcc/arm-none-eabi/10.2.1/../../../../arm-none-eabi/lib/thumb/v7-m/nofp\libg.a(lib_a-memset.o)
 .ARM.attributes
                0x00000287       0x2d d:/stm32env/10 2020-q4-major/bin/../lib/gcc/arm-none-eabi/10.2.1/../../../../arm-none-eabi/lib/thumb/v7-m/nofp\libg.a(lib_a-__call_atexit.o)
 .ARM.attributes
                0x000002b4       0x2d d:/stm32env/10 2020-q4-major/bin/../lib/gcc/arm-none-eabi/10.2.1/../../../../arm-none-eabi/lib/thumb/v7-m/nofp\libg.a(lib_a-atexit.o)
 .ARM.attributes
                0x000002e1       0x2d d:/stm32env/10 2020-q4-major/bin/../lib/gcc/arm-none-eabi/10.2.1/../../../../arm-none-eabi/lib/thumb/v7-m/nofp\libg.a(lib_a-fini.o)
 .ARM.attributes
                0x0000030e       0x2d d:/stm32env/10 2020-q4-major/bin/../lib/gcc/arm-none-eabi/10.2.1/../../../../arm-none-eabi/lib/thumb/v7-m/nofp\libg.a(lib_a-lock.o)
 .ARM.attributes
                0x0000033b       0x2d d:/stm32env/10 2020-q4-major/bin/../lib/gcc/arm-none-eabi/10.2.1/../../../../arm-none-eabi/lib/thumb/v7-m/nofp\libg.a(lib_a-__atexit.o)
 .ARM.attributes
                0x00000368       0x1d d:/stm32env/10 2020-q4-major/bin/../lib/gcc/arm-none-eabi/10.2.1/thumb/v7-m/nofp/crtn.o
OUTPUT(U1.elf elf32-littlearm)
LOAD linker stubs
LOAD d:/stm32env/10 2020-q4-major/bin/../lib/gcc/arm-none-eabi/10.2.1/../../../../arm-none-eabi/lib/thumb/v7-m/nofp\libc.a
LOAD d:/stm32env/10 2020-q4-major/bin/../lib/gcc/arm-none-eabi/10.2.1/../../../../arm-none-eabi/lib/thumb/v7-m/nofp\libm.a
LOAD d:/stm32env/10 2020-q4-major/bin/../lib/gcc/arm-none-eabi/10.2.1/thumb/v7-m/nofp\libgcc.a

.debug_info     0x00000000     0x3415
 .debug_info    0x00000000      0x310 CMakeFiles\U1.elf.dir\Core\Src\gpio.c.obj
 .debug_info    0x00000310      0x4b7 CMakeFiles\U1.elf.dir\Core\Src\main.c.obj
 .debug_info    0x000007c7      0x211 CMakeFiles\U1.elf.dir\Core\Src\stm32f1xx_hal_msp.c.obj
 .debug_info    0x000009d8      0x130 CMakeFiles\U1.elf.dir\Core\Src\stm32f1xx_it.c.obj
 .debug_info    0x00000b08      0x248 CMakeFiles\U1.elf.dir\Core\Src\system_stm32f1xx.c.obj
 .debug_info    0x00000d50      0x80e CMakeFiles\U1.elf.dir\Drivers\STM32F1xx_HAL_Driver\Src\stm32f1xx_hal.c.obj
 .debug_info    0x0000155e      0xdf0 CMakeFiles\U1.elf.dir\Drivers\STM32F1xx_HAL_Driver\Src\stm32f1xx_hal_cortex.c.obj
 .debug_info    0x0000234e      0x66f CMakeFiles\U1.elf.dir\Drivers\STM32F1xx_HAL_Driver\Src\stm32f1xx_hal_gpio.c.obj
 .debug_info    0x000029bd      0xa36 CMakeFiles\U1.elf.dir\Drivers\STM32F1xx_HAL_Driver\Src\stm32f1xx_hal_rcc.c.obj
 .debug_info    0x000033f3       0x22 CMakeFiles\U1.elf.dir\startup\startup_stm32f103xe.s.obj

.debug_abbrev   0x00000000      0xf40
 .debug_abbrev  0x00000000      0x13c CMakeFiles\U1.elf.dir\Core\Src\gpio.c.obj
 .debug_abbrev  0x0000013c      0x1bc CMakeFiles\U1.elf.dir\Core\Src\main.c.obj
 .debug_abbrev  0x000002f8       0xe5 CMakeFiles\U1.elf.dir\Core\Src\stm32f1xx_hal_msp.c.obj
 .debug_abbrev  0x000003dd       0x7e CMakeFiles\U1.elf.dir\Core\Src\stm32f1xx_it.c.obj
 .debug_abbrev  0x0000045b      0x13e CMakeFiles\U1.elf.dir\Core\Src\system_stm32f1xx.c.obj
 .debug_abbrev  0x00000599      0x1f4 CMakeFiles\U1.elf.dir\Drivers\STM32F1xx_HAL_Driver\Src\stm32f1xx_hal.c.obj
 .debug_abbrev  0x0000078d      0x341 CMakeFiles\U1.elf.dir\Drivers\STM32F1xx_HAL_Driver\Src\stm32f1xx_hal_cortex.c.obj
 .debug_abbrev  0x00000ace      0x1e6 CMakeFiles\U1.elf.dir\Drivers\STM32F1xx_HAL_Driver\Src\stm32f1xx_hal_gpio.c.obj
 .debug_abbrev  0x00000cb4      0x27a CMakeFiles\U1.elf.dir\Drivers\STM32F1xx_HAL_Driver\Src\stm32f1xx_hal_rcc.c.obj
 .debug_abbrev  0x00000f2e       0x12 CMakeFiles\U1.elf.dir\startup\startup_stm32f103xe.s.obj

.debug_aranges  0x00000000      0x378
 .debug_aranges
                0x00000000       0x20 CMakeFiles\U1.elf.dir\Core\Src\gpio.c.obj
 .debug_aranges
                0x00000020       0x30 CMakeFiles\U1.elf.dir\Core\Src\main.c.obj
 .debug_aranges
                0x00000050       0x20 CMakeFiles\U1.elf.dir\Core\Src\stm32f1xx_hal_msp.c.obj
 .debug_aranges
                0x00000070       0x60 CMakeFiles\U1.elf.dir\Core\Src\stm32f1xx_it.c.obj
 .debug_aranges
                0x000000d0       0x28 CMakeFiles\U1.elf.dir\Core\Src\system_stm32f1xx.c.obj
 .debug_aranges
                0x000000f8       0xe0 CMakeFiles\U1.elf.dir\Drivers\STM32F1xx_HAL_Driver\Src\stm32f1xx_hal.c.obj
 .debug_aranges
                0x000001d8       0x90 CMakeFiles\U1.elf.dir\Drivers\STM32F1xx_HAL_Driver\Src\stm32f1xx_hal_cortex.c.obj
 .debug_aranges
                0x00000268       0x58 CMakeFiles\U1.elf.dir\Drivers\STM32F1xx_HAL_Driver\Src\stm32f1xx_hal_gpio.c.obj
 .debug_aranges
                0x000002c0       0x90 CMakeFiles\U1.elf.dir\Drivers\STM32F1xx_HAL_Driver\Src\stm32f1xx_hal_rcc.c.obj
 .debug_aranges
                0x00000350       0x28 CMakeFiles\U1.elf.dir\startup\startup_stm32f103xe.s.obj

.debug_ranges   0x00000000      0x360
 .debug_ranges  0x00000000       0x10 CMakeFiles\U1.elf.dir\Core\Src\gpio.c.obj
 .debug_ranges  0x00000010       0x20 CMakeFiles\U1.elf.dir\Core\Src\main.c.obj
 .debug_ranges  0x00000030       0x10 CMakeFiles\U1.elf.dir\Core\Src\stm32f1xx_hal_msp.c.obj
 .debug_ranges  0x00000040       0x50 CMakeFiles\U1.elf.dir\Core\Src\stm32f1xx_it.c.obj
 .debug_ranges  0x00000090       0x18 CMakeFiles\U1.elf.dir\Core\Src\system_stm32f1xx.c.obj
 .debug_ranges  0x000000a8       0xd0 CMakeFiles\U1.elf.dir\Drivers\STM32F1xx_HAL_Driver\Src\stm32f1xx_hal.c.obj
 .debug_ranges  0x00000178       0xe0 CMakeFiles\U1.elf.dir\Drivers\STM32F1xx_HAL_Driver\Src\stm32f1xx_hal_cortex.c.obj
 .debug_ranges  0x00000258       0x48 CMakeFiles\U1.elf.dir\Drivers\STM32F1xx_HAL_Driver\Src\stm32f1xx_hal_gpio.c.obj
 .debug_ranges  0x000002a0       0xa0 CMakeFiles\U1.elf.dir\Drivers\STM32F1xx_HAL_Driver\Src\stm32f1xx_hal_rcc.c.obj
 .debug_ranges  0x00000340       0x20 CMakeFiles\U1.elf.dir\startup\startup_stm32f103xe.s.obj

.debug_line     0x00000000     0x297a
 .debug_line    0x00000000      0x20a CMakeFiles\U1.elf.dir\Core\Src\gpio.c.obj
 .debug_line    0x0000020a      0x3b2 CMakeFiles\U1.elf.dir\Core\Src\main.c.obj
 .debug_line    0x000005bc      0x16d CMakeFiles\U1.elf.dir\Core\Src\stm32f1xx_hal_msp.c.obj
 .debug_line    0x00000729      0x1af CMakeFiles\U1.elf.dir\Core\Src\stm32f1xx_it.c.obj
 .debug_line    0x000008d8      0x236 CMakeFiles\U1.elf.dir\Core\Src\system_stm32f1xx.c.obj
 .debug_line    0x00000b0e      0x556 CMakeFiles\U1.elf.dir\Drivers\STM32F1xx_HAL_Driver\Src\stm32f1xx_hal.c.obj
 .debug_line    0x00001064      0x645 CMakeFiles\U1.elf.dir\Drivers\STM32F1xx_HAL_Driver\Src\stm32f1xx_hal_cortex.c.obj
 .debug_line    0x000016a9      0x603 CMakeFiles\U1.elf.dir\Drivers\STM32F1xx_HAL_Driver\Src\stm32f1xx_hal_gpio.c.obj
 .debug_line    0x00001cac      0xc38 CMakeFiles\U1.elf.dir\Drivers\STM32F1xx_HAL_Driver\Src\stm32f1xx_hal_rcc.c.obj
 .debug_line    0x000028e4       0x96 CMakeFiles\U1.elf.dir\startup\startup_stm32f103xe.s.obj

.debug_str      0x00000000     0x1492
 .debug_str     0x00000000      0x262 CMakeFiles\U1.elf.dir\Core\Src\gpio.c.obj
                                0x2ad (size before relaxing)
 .debug_str     0x00000262      0x205 CMakeFiles\U1.elf.dir\Core\Src\main.c.obj
                                0x40d (size before relaxing)
 .debug_str     0x00000467       0x73 CMakeFiles\U1.elf.dir\Core\Src\stm32f1xx_hal_msp.c.obj
                                0x24f (size before relaxing)
 .debug_str     0x000004da       0xd0 CMakeFiles\U1.elf.dir\Core\Src\stm32f1xx_it.c.obj
                                0x252 (size before relaxing)
 .debug_str     0x000005aa       0xa1 CMakeFiles\U1.elf.dir\Core\Src\system_stm32f1xx.c.obj
                                0x284 (size before relaxing)
 .debug_str     0x0000064b      0x6f5 CMakeFiles\U1.elf.dir\Drivers\STM32F1xx_HAL_Driver\Src\stm32f1xx_hal.c.obj
                                0x938 (size before relaxing)
 .debug_str     0x00000d40      0x3de CMakeFiles\U1.elf.dir\Drivers\STM32F1xx_HAL_Driver\Src\stm32f1xx_hal_cortex.c.obj
                                0x9e7 (size before relaxing)
 .debug_str     0x0000111e      0x11f CMakeFiles\U1.elf.dir\Drivers\STM32F1xx_HAL_Driver\Src\stm32f1xx_hal_gpio.c.obj
                                0x430 (size before relaxing)
 .debug_str     0x0000123d      0x20d CMakeFiles\U1.elf.dir\Drivers\STM32F1xx_HAL_Driver\Src\stm32f1xx_hal_rcc.c.obj
                                0x65b (size before relaxing)
 .debug_str     0x0000144a       0x48 CMakeFiles\U1.elf.dir\startup\startup_stm32f103xe.s.obj
                                 0x76 (size before relaxing)

.comment        0x00000000       0x4d
 .comment       0x00000000       0x4d CMakeFiles\U1.elf.dir\Core\Src\gpio.c.obj
                                 0x4e (size before relaxing)
 .comment       0x0000004d       0x4e CMakeFiles\U1.elf.dir\Core\Src\main.c.obj
 .comment       0x0000004d       0x4e CMakeFiles\U1.elf.dir\Core\Src\stm32f1xx_hal_msp.c.obj
 .comment       0x0000004d       0x4e CMakeFiles\U1.elf.dir\Core\Src\stm32f1xx_it.c.obj
 .comment       0x0000004d       0x4e CMakeFiles\U1.elf.dir\Core\Src\system_stm32f1xx.c.obj
 .comment       0x0000004d       0x4e CMakeFiles\U1.elf.dir\Drivers\STM32F1xx_HAL_Driver\Src\stm32f1xx_hal.c.obj
 .comment       0x0000004d       0x4e CMakeFiles\U1.elf.dir\Drivers\STM32F1xx_HAL_Driver\Src\stm32f1xx_hal_cortex.c.obj
 .comment       0x0000004d       0x4e CMakeFiles\U1.elf.dir\Drivers\STM32F1xx_HAL_Driver\Src\stm32f1xx_hal_gpio.c.obj
 .comment       0x0000004d       0x4e CMakeFiles\U1.elf.dir\Drivers\STM32F1xx_HAL_Driver\Src\stm32f1xx_hal_rcc.c.obj

.debug_frame    0x00000000      0x8d4
 .debug_frame   0x00000000       0x34 CMakeFiles\U1.elf.dir\Core\Src\gpio.c.obj
 .debug_frame   0x00000034       0x5c CMakeFiles\U1.elf.dir\Core\Src\main.c.obj
 .debug_frame   0x00000090       0x28 CMakeFiles\U1.elf.dir\Core\Src\stm32f1xx_hal_msp.c.obj
 .debug_frame   0x000000b8       0xa8 CMakeFiles\U1.elf.dir\Core\Src\stm32f1xx_it.c.obj
 .debug_frame   0x00000160       0x30 CMakeFiles\U1.elf.dir\Core\Src\system_stm32f1xx.c.obj
 .debug_frame   0x00000190      0x1cc CMakeFiles\U1.elf.dir\Drivers\STM32F1xx_HAL_Driver\Src\stm32f1xx_hal.c.obj
 .debug_frame   0x0000035c      0x118 CMakeFiles\U1.elf.dir\Drivers\STM32F1xx_HAL_Driver\Src\stm32f1xx_hal_cortex.c.obj
 .debug_frame   0x00000474       0xe4 CMakeFiles\U1.elf.dir\Drivers\STM32F1xx_HAL_Driver\Src\stm32f1xx_hal_gpio.c.obj
 .debug_frame   0x00000558      0x190 CMakeFiles\U1.elf.dir\Drivers\STM32F1xx_HAL_Driver\Src\stm32f1xx_hal_rcc.c.obj
 .debug_frame   0x000006e8       0x2c d:/stm32env/10 2020-q4-major/bin/../lib/gcc/arm-none-eabi/10.2.1/../../../../arm-none-eabi/lib/thumb/v7-m/nofp\libg.a(lib_a-init.o)
 .debug_frame   0x00000714       0x2c d:/stm32env/10 2020-q4-major/bin/../lib/gcc/arm-none-eabi/10.2.1/../../../../arm-none-eabi/lib/thumb/v7-m/nofp\libg.a(lib_a-memset.o)
 .debug_frame   0x00000740       0x5c d:/stm32env/10 2020-q4-major/bin/../lib/gcc/arm-none-eabi/10.2.1/../../../../arm-none-eabi/lib/thumb/v7-m/nofp\libg.a(lib_a-__call_atexit.o)
 .debug_frame   0x0000079c       0x20 d:/stm32env/10 2020-q4-major/bin/../lib/gcc/arm-none-eabi/10.2.1/../../../../arm-none-eabi/lib/thumb/v7-m/nofp\libg.a(lib_a-atexit.o)
 .debug_frame   0x000007bc       0x34 d:/stm32env/10 2020-q4-major/bin/../lib/gcc/arm-none-eabi/10.2.1/../../../../arm-none-eabi/lib/thumb/v7-m/nofp\libg.a(lib_a-fini.o)
 .debug_frame   0x000007f0       0xb0 d:/stm32env/10 2020-q4-major/bin/../lib/gcc/arm-none-eabi/10.2.1/../../../../arm-none-eabi/lib/thumb/v7-m/nofp\libg.a(lib_a-lock.o)
 .debug_frame   0x000008a0       0x34 d:/stm32env/10 2020-q4-major/bin/../lib/gcc/arm-none-eabi/10.2.1/../../../../arm-none-eabi/lib/thumb/v7-m/nofp\libg.a(lib_a-__atexit.o)

.debug_loc      0x00000000     0x152c
 .debug_loc     0x00000000       0xfd CMakeFiles\U1.elf.dir\Core\Src\main.c.obj
 .debug_loc     0x000000fd       0x15 CMakeFiles\U1.elf.dir\Core\Src\stm32f1xx_hal_msp.c.obj
 .debug_loc     0x00000112       0xff CMakeFiles\U1.elf.dir\Core\Src\system_stm32f1xx.c.obj
 .debug_loc     0x00000211      0x141 CMakeFiles\U1.elf.dir\Drivers\STM32F1xx_HAL_Driver\Src\stm32f1xx_hal.c.obj
 .debug_loc     0x00000352      0x71f CMakeFiles\U1.elf.dir\Drivers\STM32F1xx_HAL_Driver\Src\stm32f1xx_hal_cortex.c.obj
 .debug_loc     0x00000a71      0x47d CMakeFiles\U1.elf.dir\Drivers\STM32F1xx_HAL_Driver\Src\stm32f1xx_hal_gpio.c.obj
 .debug_loc     0x00000eee      0x63e CMakeFiles\U1.elf.dir\Drivers\STM32F1xx_HAL_Driver\Src\stm32f1xx_hal_rcc.c.obj
